Archive member included to satisfy reference by file (symbol)

/Users/lauril/workspace/12-sdk/gcc_arm/gcc-arm-none-eabi-5_2-2015q4/bin/../lib/gcc/arm-none-eabi/5.2.1/../../../../arm-none-eabi/lib/armv7e-m/fpu/libc_nano.a(lib_a-exit.o)
                              /Users/lauril/workspace/12-sdk/gcc_arm/gcc-arm-none-eabi-5_2-2015q4/bin/../lib/gcc/arm-none-eabi/5.2.1/../../../../arm-none-eabi/lib/armv7e-m/fpu/crt0.o (exit)
/Users/lauril/workspace/12-sdk/gcc_arm/gcc-arm-none-eabi-5_2-2015q4/bin/../lib/gcc/arm-none-eabi/5.2.1/../../../../arm-none-eabi/lib/armv7e-m/fpu/libc_nano.a(lib_a-impure.o)
                              /Users/lauril/workspace/12-sdk/gcc_arm/gcc-arm-none-eabi-5_2-2015q4/bin/../lib/gcc/arm-none-eabi/5.2.1/../../../../arm-none-eabi/lib/armv7e-m/fpu/libc_nano.a(lib_a-exit.o) (_global_impure_ptr)
/Users/lauril/workspace/12-sdk/gcc_arm/gcc-arm-none-eabi-5_2-2015q4/bin/../lib/gcc/arm-none-eabi/5.2.1/../../../../arm-none-eabi/lib/armv7e-m/fpu/libc_nano.a(lib_a-init.o)
                              /Users/lauril/workspace/12-sdk/gcc_arm/gcc-arm-none-eabi-5_2-2015q4/bin/../lib/gcc/arm-none-eabi/5.2.1/../../../../arm-none-eabi/lib/armv7e-m/fpu/crt0.o (__libc_init_array)
/Users/lauril/workspace/12-sdk/gcc_arm/gcc-arm-none-eabi-5_2-2015q4/bin/../lib/gcc/arm-none-eabi/5.2.1/../../../../arm-none-eabi/lib/armv7e-m/fpu/libc_nano.a(lib_a-memset.o)
                              /Users/lauril/workspace/12-sdk/gcc_arm/gcc-arm-none-eabi-5_2-2015q4/bin/../lib/gcc/arm-none-eabi/5.2.1/../../../../arm-none-eabi/lib/armv7e-m/fpu/crt0.o (memset)
/Users/lauril/workspace/12-sdk/gcc_arm/gcc-arm-none-eabi-5_2-2015q4/bin/../lib/gcc/arm-none-eabi/5.2.1/../../../../arm-none-eabi/lib/armv7e-m/fpu/libnosys.a(_exit.o)
                              /Users/lauril/workspace/12-sdk/gcc_arm/gcc-arm-none-eabi-5_2-2015q4/bin/../lib/gcc/arm-none-eabi/5.2.1/../../../../arm-none-eabi/lib/armv7e-m/fpu/libc_nano.a(lib_a-exit.o) (_exit)
/Users/lauril/workspace/12-sdk/gcc_arm/gcc-arm-none-eabi-5_2-2015q4/bin/../lib/gcc/arm-none-eabi/5.2.1/armv7e-m/fpu/libgcc.a(_aeabi_uldivmod.o)
                              _build/nrf52832_xxaa_api_timer.c.o (__aeabi_uldivmod)
/Users/lauril/workspace/12-sdk/gcc_arm/gcc-arm-none-eabi-5_2-2015q4/bin/../lib/gcc/arm-none-eabi/5.2.1/armv7e-m/fpu/libgcc.a(_udivmoddi4.o)
                              /Users/lauril/workspace/12-sdk/gcc_arm/gcc-arm-none-eabi-5_2-2015q4/bin/../lib/gcc/arm-none-eabi/5.2.1/armv7e-m/fpu/libgcc.a(_aeabi_uldivmod.o) (__udivmoddi4)
/Users/lauril/workspace/12-sdk/gcc_arm/gcc-arm-none-eabi-5_2-2015q4/bin/../lib/gcc/arm-none-eabi/5.2.1/armv7e-m/fpu/libgcc.a(_dvmd_tls.o)
                              /Users/lauril/workspace/12-sdk/gcc_arm/gcc-arm-none-eabi-5_2-2015q4/bin/../lib/gcc/arm-none-eabi/5.2.1/armv7e-m/fpu/libgcc.a(_aeabi_uldivmod.o) (__aeabi_ldiv0)
/Users/lauril/workspace/12-sdk/gcc_arm/gcc-arm-none-eabi-5_2-2015q4/bin/../lib/gcc/arm-none-eabi/5.2.1/../../../../arm-none-eabi/lib/armv7e-m/fpu/libc_nano.a(lib_a-calloc.o)
                              _build/nrf52832_xxaa_ringbuf.c.o (calloc)
/Users/lauril/workspace/12-sdk/gcc_arm/gcc-arm-none-eabi-5_2-2015q4/bin/../lib/gcc/arm-none-eabi/5.2.1/../../../../arm-none-eabi/lib/armv7e-m/fpu/libc_nano.a(lib_a-malloc.o)
                              _build/nrf52832_xxaa_ringbuf.c.o (free)
/Users/lauril/workspace/12-sdk/gcc_arm/gcc-arm-none-eabi-5_2-2015q4/bin/../lib/gcc/arm-none-eabi/5.2.1/../../../../arm-none-eabi/lib/armv7e-m/fpu/libc_nano.a(lib_a-memcmp.o)
                              _build/nrf52832_xxaa_id_manager.c.o (memcmp)
/Users/lauril/workspace/12-sdk/gcc_arm/gcc-arm-none-eabi-5_2-2015q4/bin/../lib/gcc/arm-none-eabi/5.2.1/../../../../arm-none-eabi/lib/armv7e-m/fpu/libc_nano.a(lib_a-memcpy-stub.o)
                              _build/nrf52832_xxaa_nrf_log_backend_serial.c.o (memcpy)
/Users/lauril/workspace/12-sdk/gcc_arm/gcc-arm-none-eabi-5_2-2015q4/bin/../lib/gcc/arm-none-eabi/5.2.1/../../../../arm-none-eabi/lib/armv7e-m/fpu/libc_nano.a(lib_a-nano-callocr.o)
                              /Users/lauril/workspace/12-sdk/gcc_arm/gcc-arm-none-eabi-5_2-2015q4/bin/../lib/gcc/arm-none-eabi/5.2.1/../../../../arm-none-eabi/lib/armv7e-m/fpu/libc_nano.a(lib_a-calloc.o) (_calloc_r)
/Users/lauril/workspace/12-sdk/gcc_arm/gcc-arm-none-eabi-5_2-2015q4/bin/../lib/gcc/arm-none-eabi/5.2.1/../../../../arm-none-eabi/lib/armv7e-m/fpu/libc_nano.a(lib_a-nano-freer.o)
                              /Users/lauril/workspace/12-sdk/gcc_arm/gcc-arm-none-eabi-5_2-2015q4/bin/../lib/gcc/arm-none-eabi/5.2.1/../../../../arm-none-eabi/lib/armv7e-m/fpu/libc_nano.a(lib_a-malloc.o) (_free_r)
/Users/lauril/workspace/12-sdk/gcc_arm/gcc-arm-none-eabi-5_2-2015q4/bin/../lib/gcc/arm-none-eabi/5.2.1/../../../../arm-none-eabi/lib/armv7e-m/fpu/libc_nano.a(lib_a-nano-mallocr.o)
[...]
Memory Configuration

Name             Origin             Length             Attributes
FLASH            0x000000000001f000 0x0000000000061000 xr
RAM              0x0000000020002128 0x000000000000ded8 xrw
*default*        0x0000000000000000 0xffffffffffffffff

Linker script and memory map


.text           0x000000000001f000     0xcbe0
 *(.isr_vector)
 .isr_vector    0x000000000001f000      0x400 _build/nrf52832_xxaa_gcc_startup_nrf52.S.o
                0x000000000001f000                __isr_vector
 *(.text*)
 .text          0x000000000001f400       0xa4 /Users/lauril/workspace/12-sdk/gcc_arm/gcc-arm-none-eabi-5_2-2015q4/bin/../lib/gcc/arm-none-eabi/5.2.1/armv7e-m/fpu/crtbegin.o
 .text          0x000000000001f4a4       0x74 /Users/lauril/workspace/12-sdk/gcc_arm/gcc-arm-none-eabi-5_2-2015q4/bin/../lib/gcc/arm-none-eabi/5.2.1/../../../../arm-none-eabi/lib/armv7e-m/fpu/crt0.o
                0x000000000001f4a4                _mainCRTStartup
                0x000000000001f4a4                _start
 .text.exit     0x000000000001f518       0x28 /Users/lauril/workspace/12-sdk/gcc_arm/gcc-arm-none-eabi-5_2-2015q4/bin/../lib/gcc/arm-none-eabi/5.2.1/../../../../arm-none-eabi/lib/armv7e-m/fpu/libc_nano.a(lib_a-exit.o)
                0x000000000001f518                exit
 .text.__libc_init_array
                0x000000000001f540       0x4c /Users/lauril/workspace/12-sdk/gcc_arm/gcc-arm-none-eabi-5_2-2015q4/bin/../lib/gcc/arm-none-eabi/5.2.1/../../../../arm-none-eabi/lib/armv7e-m/fpu/libc_nano.a(lib_a-init.o)
                0x000000000001f540                __libc_init_array
 .text.memset   0x000000000001f58c       0x10 /Users/lauril/workspace/12-sdk/gcc_arm/gcc-arm-none-eabi-5_2-2015q4/bin/../lib/gcc/arm-none-eabi/5.2.1/../../../../arm-none-eabi/lib/armv7e-m/fpu/libc_nano.a(lib_a-memset.o)
                0x000000000001f58c                memset
 .text._exit    0x000000000001f59c        0x4 /Users/lauril/workspace/12-sdk/gcc_arm/gcc-arm-none-eabi-5_2-2015q4/bin/../lib/gcc/arm-none-eabi/5.2.1/../../../../arm-none-eabi/lib/armv7e-m/fpu/libnosys.a(_exit.o)
                0x000000000001f59c                _exit
 .text.nrf_log_backend_serial_std_handler
                0x000000000001f5a0      0x144 _build/nrf52832_xxaa_nrf_log_backend_serial.c.o
 .text.nrf_log_backend_serial_hexdump_handler
                0x000000000001f6e4      0x248 _build/nrf52832_xxaa_nrf_log_backend_serial.c.o
 .text.nrf_log_backend_init
                0x000000000001f92c       0x50 _build/nrf52832_xxaa_nrf_log_backend_serial.c.o
                0x000000000001f92c                nrf_log_backend_init
 .text.nrf_log_backend_std_handler_get
                0x000000000001f97c        0x8 _build/nrf52832_xxaa_nrf_log_backend_serial.c.o
                0x000000000001f97c                nrf_log_backend_std_handler_get
 .text.nrf_log_backend_hexdump_handler_get
                0x000000000001f984        0x8 _build/nrf52832_xxaa_nrf_log_backend_serial.c.o
                0x000000000001f984                nrf_log_backend_hexdump_handler_get
 .text.nrf_log_init
                0x000000000001f98c       0x30 _build/nrf52832_xxaa_nrf_log_frontend.c.o
                0x000000000001f98c                nrf_log_init
 .text.nrf_log_blocking_backend_set
                0x000000000001f9bc        0x8 _build/nrf52832_xxaa_nrf_log_frontend.c.o
                0x000000000001f9bc                nrf_log_blocking_backend_set
 .text.nrf_log_frontend_std_0
                0x000000000001f9c4       0xa8 _build/nrf52832_xxaa_nrf_log_frontend.c.o
                0x000000000001f9c4                nrf_log_frontend_std_0
 .text.nrf_log_frontend_std_1
                0x000000000001fa6c       0xb0 _build/nrf52832_xxaa_nrf_log_frontend.c.o
                0x000000000001fa6c                nrf_log_frontend_std_1
 .text.nrf_log_frontend_std_3
                0x000000000001fb1c       0xd0 _build/nrf52832_xxaa_nrf_log_frontend.c.o
                0x000000000001fb1c                nrf_log_frontend_std_3
 .text.nrf_log_frontend_dequeue
                0x000000000001fbec      0x13c _build/nrf52832_xxaa_nrf_log_frontend.c.o
                0x000000000001fbec                nrf_log_frontend_dequeue
 .text.SEGGER_RTT_WriteNoLock
                0x000000000001fd28      0x17c _build/nrf52832_xxaa_SEGGER_RTT.c.o
                0x000000000001fd28                SEGGER_RTT_WriteNoLock
 .text.SEGGER_RTT_ConfigUpBuffer
                0x000000000001fea4       0xc8 _build/nrf52832_xxaa_SEGGER_RTT.c.o
                0x000000000001fea4                SEGGER_RTT_ConfigUpBuffer
 .text.app_error_handler_bare
                0x000000000001ff6c       0x20 _build/nrf52832_xxaa_app_error.c.o
                0x000000000001ff6c                app_error_handler_bare
 .text.app_error_fault_handler
                0x000000000001ff8c       0x1c _build/nrf52832_xxaa_app_error_weak.c.o
                0x000000000001ff8c                app_error_fault_handler
 .text.app_util_critical_region_enter
                0x000000000001ffa8       0x50 _build/nrf52832_xxaa_app_util_platform.c.o
                0x000000000001ffa8                app_util_critical_region_enter
 .text.app_util_critical_region_exit
                0x000000000001fff8       0x30 _build/nrf52832_xxaa_app_util_platform.c.o
                0x000000000001fff8                app_util_critical_region_exit
 .text.gc_record_find_next
                0x0000000000020028       0xc0 _build/nrf52832_xxaa_fds.c.o
 .text.record_find_by_desc
                0x00000000000200e8       0xd8 _build/nrf52832_xxaa_fds.c.o
 .text.record_find.part.3
                0x00000000000201c0       0xc0 _build/nrf52832_xxaa_fds.c.o
 .text.queue_process
                0x0000000000020280      0x820 _build/nrf52832_xxaa_fds.c.o
 .text.fs_event_handler
                0x0000000000020aa0        0x8 _build/nrf52832_xxaa_fds.c.o
 .text.write_enqueue.part.7
                0x0000000000020aa8      0x1f4 _build/nrf52832_xxaa_fds.c.o
 .text.fds_register
                0x0000000000020c9c       0x28 _build/nrf52832_xxaa_fds.c.o
                0x0000000000020c9c                fds_register
 .text.fds_init
                0x0000000000020cc4      0x314 _build/nrf52832_xxaa_fds.c.o
                0x0000000000020cc4                fds_init
 .text.fds_record_open
                0x0000000000020fd8       0x48 _build/nrf52832_xxaa_fds.c.o
                0x0000000000020fd8                fds_record_open
 .text.fds_record_close
                0x0000000000021020       0x48 _build/nrf52832_xxaa_fds.c.o
                0x0000000000021020                fds_record_close
 .text.fds_reserve
                0x0000000000021068       0x84 _build/nrf52832_xxaa_fds.c.o
                0x0000000000021068                fds_reserve
 .text.fds_reserve_cancel
                0x00000000000210ec       0x54 _build/nrf52832_xxaa_fds.c.o
                0x00000000000210ec                fds_reserve_cancel
 .text.fds_record_write
                0x0000000000021140       0x3c _build/nrf52832_xxaa_fds.c.o
                0x0000000000021140                fds_record_write
 .text.fds_record_write_reserved
                0x000000000002117c       0x3c _build/nrf52832_xxaa_fds.c.o
                0x000000000002117c                fds_record_write_reserved
 .text.fds_record_update
                0x00000000000211b8       0x40 _build/nrf52832_xxaa_fds.c.o
                0x00000000000211b8                fds_record_update
 .text.fds_file_delete
                0x00000000000211f8       0x78 _build/nrf52832_xxaa_fds.c.o
                0x00000000000211f8                fds_file_delete
 .text.fds_gc   0x0000000000021270       0x70 _build/nrf52832_xxaa_fds.c.o
                0x0000000000021270                fds_gc
 .text.fds_record_find
                0x00000000000212e0       0x38 _build/nrf52832_xxaa_fds.c.o
                0x00000000000212e0                fds_record_find
 .text.fds_record_find_by_key
                0x0000000000021318       0x3c _build/nrf52832_xxaa_fds.c.o
                0x0000000000021318                fds_record_find_by_key
 .text.fds_record_find_in_file
                0x0000000000021354       0x3c _build/nrf52832_xxaa_fds.c.o
                0x0000000000021354                fds_record_find_in_file
 .text.fds_record_id_from_desc
                0x0000000000021390       0x10 _build/nrf52832_xxaa_fds.c.o
                0x0000000000021390                fds_record_id_from_desc
 .text.sd_flash_write
                0x00000000000213a0        0x4 _build/nrf52832_xxaa_fstorage.c.o
 .text.sd_flash_page_erase
                0x00000000000213a4        0x4 _build/nrf52832_xxaa_fstorage.c.o
 .text.unlikely.queue_get_next_free
                0x00000000000213a8       0x38 _build/nrf52832_xxaa_fstorage.c.o
 .text.queue_process
                0x00000000000213e0       0xcc _build/nrf52832_xxaa_fstorage.c.o
 .text.fs_init  0x00000000000214ac       0xb8 _build/nrf52832_xxaa_fstorage.c.o
                0x00000000000214ac                fs_init
 .text.fs_store
                0x0000000000021564       0xb0 _build/nrf52832_xxaa_fstorage.c.o
                0x0000000000021564                fs_store
 .text.fs_erase
                0x0000000000021614       0xa4 _build/nrf52832_xxaa_fstorage.c.o
                0x0000000000021614                fs_erase
 .text.fs_queued_op_count_get
                0x00000000000216b8       0x14 _build/nrf52832_xxaa_fstorage.c.o
                0x00000000000216b8                fs_queued_op_count_get
 .text.fs_sys_event_handler
                0x00000000000216cc      0x2bc _build/nrf52832_xxaa_fstorage.c.o
                0x00000000000216cc                fs_sys_event_handler
 .text.sdk_mapped_flags_first_key_index_get
                0x0000000000021988       0x48 _build/nrf52832_xxaa_sdk_mapped_flags.c.o
                0x0000000000021988                sdk_mapped_flags_first_key_index_get
 .text.sdk_mapped_flags_update_by_key
                0x00000000000219d0       0x7c _build/nrf52832_xxaa_sdk_mapped_flags.c.o
                0x00000000000219d0                sdk_mapped_flags_update_by_key
 .text.sdk_mapped_flags_bulk_update_by_key
                0x0000000000021a4c      0x210 _build/nrf52832_xxaa_sdk_mapped_flags.c.o
                0x0000000000021a4c                sdk_mapped_flags_bulk_update_by_key
 .text.sdk_mapped_flags_get_by_key
                0x0000000000021c5c       0x60 _build/nrf52832_xxaa_sdk_mapped_flags.c.o
                0x0000000000021c5c                sdk_mapped_flags_get_by_key
 .text.sdk_mapped_flags_key_list_get
                0x0000000000021cbc       0x80 _build/nrf52832_xxaa_sdk_mapped_flags.c.o
                0x0000000000021cbc                sdk_mapped_flags_key_list_get
 .text.POWER_CLOCK_IRQHandler
                0x0000000000021d3c       0x78 _build/nrf52832_xxaa_nrf_drv_clock.c.o
                0x0000000000021d3c                POWER_CLOCK_IRQHandler
 .text.nrf_drv_clock_on_soc_event
                0x0000000000021db4       0x20 _build/nrf52832_xxaa_nrf_drv_clock.c.o
                0x0000000000021db4                nrf_drv_clock_on_soc_event
 .text.nrf_drv_clock_on_sd_enable
                0x0000000000021dd4       0x54 _build/nrf52832_xxaa_nrf_drv_clock.c.o
                0x0000000000021dd4                nrf_drv_clock_on_sd_enable
 .text.nrf_drv_common_irq_enable
                0x0000000000021e28       0x50 _build/nrf52832_xxaa_nrf_drv_common.c.o
                0x0000000000021e28                nrf_drv_common_irq_enable
 .text.nrf_drv_gpiote_init
                0x0000000000021e78       0x84 _build/nrf52832_xxaa_nrf_drv_gpiote.c.o
                0x0000000000021e78                nrf_drv_gpiote_init
 .text.nrf_drv_gpiote_is_init
                0x0000000000021efc       0x14 _build/nrf52832_xxaa_nrf_drv_gpiote.c.o
                0x0000000000021efc                nrf_drv_gpiote_is_init
 .text.nrf_drv_gpiote_in_init
                0x0000000000021f10      0x194 _build/nrf52832_xxaa_nrf_drv_gpiote.c.o
                0x0000000000021f10                nrf_drv_gpiote_in_init
 .text.nrf_drv_gpiote_in_event_enable
                0x00000000000220a4       0xc4 _build/nrf52832_xxaa_nrf_drv_gpiote.c.o
                0x00000000000220a4                nrf_drv_gpiote_in_event_enable
 .text.nrf_drv_gpiote_in_is_set
                0x0000000000022168       0x14 _build/nrf52832_xxaa_nrf_drv_gpiote.c.o
                0x0000000000022168                nrf_drv_gpiote_in_is_set
 .text.GPIOTE_IRQHandler
                0x000000000002217c      0x494 _build/nrf52832_xxaa_nrf_drv_gpiote.c.o
                0x000000000002217c                GPIOTE_IRQHandler
 .text.detection_delay_timeout_handler
                0x0000000000022610       0xa8 _build/nrf52832_xxaa_app_button.c.o
 .text.gpiote_event_handler
                0x00000000000226b8       0x5c _build/nrf52832_xxaa_app_button.c.o
 .text.app_button_init
                0x0000000000022714       0xb0 _build/nrf52832_xxaa_app_button.c.o
                0x0000000000022714                app_button_init
 .text.app_button_enable
                0x00000000000227c4       0x2c _build/nrf52832_xxaa_app_button.c.o
                0x00000000000227c4                app_button_enable
 .text.alert_timer_handler
                0x00000000000227f0       0x1c _build/nrf52832_xxaa_bsp.c.o
 .text.bsp_button_event_handler
                0x000000000002280c       0xc4 _build/nrf52832_xxaa_bsp.c.o
 .text.leds_timer_handler
                0x00000000000228d0      0x3b4 _build/nrf52832_xxaa_bsp.c.o
 .text.button_timer_handler
                0x0000000000022c84       0x44 _build/nrf52832_xxaa_bsp.c.o
 .text.bsp_button_is_pressed
                0x0000000000022cc8       0x30 _build/nrf52832_xxaa_bsp.c.o
                0x0000000000022cc8                bsp_button_is_pressed
 .text.bsp_indication_set
                0x0000000000022cf8      0x408 _build/nrf52832_xxaa_bsp.c.o
                0x0000000000022cf8                bsp_indication_set
 .text.bsp_init
                0x0000000000023100       0xb8 _build/nrf52832_xxaa_bsp.c.o
                0x0000000000023100                bsp_init
 .text.bsp_event_to_button_action_assign
                0x00000000000231b8       0x50 _build/nrf52832_xxaa_bsp.c.o
                0x00000000000231b8                bsp_event_to_button_action_assign
 .text.bsp_wakeup_buttons_set
                0x0000000000023208       0x88 _build/nrf52832_xxaa_bsp.c.o
                0x0000000000023208                bsp_wakeup_buttons_set
 .text.bsp_btn_ble_sleep_mode_prepare
                0x0000000000023290       0x14 _build/nrf52832_xxaa_bsp_btn_ble.c.o
                0x0000000000023290                bsp_btn_ble_sleep_mode_prepare
 .text.bsp_btn_ble_on_ble_evt
                0x00000000000232a4       0xb0 _build/nrf52832_xxaa_bsp_btn_ble.c.o
                0x00000000000232a4                bsp_btn_ble_on_ble_evt
 .text.bsp_btn_ble_init
                0x0000000000023354       0x8c _build/nrf52832_xxaa_bsp_btn_ble.c.o
                0x0000000000023354                bsp_btn_ble_init
 .text          0x00000000000233e0       0x3c _build/nrf52832_xxaa_gcc_startup_nrf52.S.o
                0x00000000000233e0                Reset_Handler
                0x0000000000023408                NMI_Handler
                0x000000000002340a                HardFault_Handler
                0x000000000002340c                MemoryManagement_Handler
                0x000000000002340e                BusFault_Handler
                0x0000000000023410                UsageFault_Handler
                0x0000000000023412                SVC_Handler
                0x0000000000023414                DebugMon_Handler
                0x0000000000023416                PendSV_Handler
                0x0000000000023418                SysTick_Handler
                0x000000000002341a                TIMER4_IRQHandler
                0x000000000002341a                I2S_IRQHandler
                0x000000000002341a                SWI4_EGU4_IRQHandler
                0x000000000002341a                TIMER0_IRQHandler
                0x000000000002341a                TIMER1_IRQHandler
                0x000000000002341a                PWM2_IRQHandler
                0x000000000002341a                ECB_IRQHandler
                0x000000000002341a                SPIM1_SPIS1_TWIM1_TWIS1_SPI1_TWI1_IRQHandler
                0x000000000002341a                Default_Handler
                0x000000000002341a                SAADC_IRQHandler
                0x000000000002341a                CCM_AAR_IRQHandler
                0x000000000002341a                WDT_IRQHandler
                0x000000000002341a                SWI5_EGU5_IRQHandler
                0x000000000002341a                RNG_IRQHandler
                0x000000000002341a                RTC2_IRQHandler
                0x000000000002341a                PWM0_IRQHandler
                0x000000000002341a                SWI3_EGU3_IRQHandler
                0x000000000002341a                SWI1_EGU1_IRQHandler
                0x000000000002341a                SPIM2_SPIS2_SPI2_IRQHandler
                0x000000000002341a                NFCT_IRQHandler
                0x000000000002341a                MWU_IRQHandler
                0x000000000002341a                TIMER2_IRQHandler
                0x000000000002341a                COMP_LPCOMP_IRQHandler
                0x000000000002341a                RTC0_IRQHandler
                0x000000000002341a                PWM1_IRQHandler
                0x000000000002341a                RADIO_IRQHandler
                0x000000000002341a                PDM_IRQHandler
                0x000000000002341a                TEMP_IRQHandler
                0x000000000002341a                QDEC_IRQHandler
                0x000000000002341a                TIMER3_IRQHandler
                0x000000000002341a                FPU_IRQHandler
                0x000000000002341a                SPIM0_SPIS0_TWIM0_TWIS0_SPI0_TWI0_IRQHandler
 .text.SystemInit
                0x000000000002341c      0x2b0 _build/nrf52832_xxaa_system_nrf52.c.o
                0x000000000002341c                SystemInit
 .text.sd_evt_get
                0x00000000000236cc        0x4 _build/nrf52832_xxaa_softdevice_handler.c.o
 .text.sd_softdevice_enable
                0x00000000000236d0        0x4 _build/nrf52832_xxaa_softdevice_handler.c.o
 .text.sd_ble_enable
                0x00000000000236d4        0x4 _build/nrf52832_xxaa_softdevice_handler.c.o
 .text.sd_ble_evt_get
                0x00000000000236d8        0x4 _build/nrf52832_xxaa_softdevice_handler.c.o
 .text.softdevice_fault_handler
                0x00000000000236dc        0x4 _build/nrf52832_xxaa_softdevice_handler.c.o
                0x00000000000236dc                softdevice_fault_handler
 .text.intern_softdevice_events_execute.part.2
                0x00000000000236e0       0xc0 _build/nrf52832_xxaa_softdevice_handler.c.o
 .text.softdevice_handler_is_enabled
                0x00000000000237a0        0xc _build/nrf52832_xxaa_softdevice_handler.c.o
                0x00000000000237a0                softdevice_handler_is_enabled
 .text.softdevice_handler_init
                0x00000000000237ac       0x94 _build/nrf52832_xxaa_softdevice_handler.c.o
                0x00000000000237ac                softdevice_handler_init
 .text.softdevice_ble_evt_handler_set
                0x0000000000023840       0x14 _build/nrf52832_xxaa_softdevice_handler.c.o
                0x0000000000023840                softdevice_ble_evt_handler_set
 .text.softdevice_sys_evt_handler_set
                0x0000000000023854       0x14 _build/nrf52832_xxaa_softdevice_handler.c.o
                0x0000000000023854                softdevice_sys_evt_handler_set
 .text.SWI2_EGU2_IRQHandler
                0x0000000000023868       0x30 _build/nrf52832_xxaa_softdevice_handler.c.o
                0x0000000000023868                SWI2_EGU2_IRQHandler
 .text.softdevice_enable_get_default_config
                0x0000000000023898       0x30 _build/nrf52832_xxaa_softdevice_handler.c.o
                0x0000000000023898                softdevice_enable_get_default_config
 .text.softdevice_enable
                0x00000000000238c8       0x80 _build/nrf52832_xxaa_softdevice_handler.c.o
                0x00000000000238c8                softdevice_enable
 .text.UARTE0_UART0_IRQHandler
                0x0000000000023948      0x2fc _build/nrf52832_xxaa_nrf_drv_uart.c.o
                0x0000000000023948                UARTE0_UART0_IRQHandler
 .text.sd_ble_gap_addr_get
                0x0000000000023c44        0x4 _build/nrf52832_xxaa_ble_advdata.c.o
 .text.sd_ble_gap_adv_data_set
                0x0000000000023c48        0x4 _build/nrf52832_xxaa_ble_advdata.c.o
 .text.sd_ble_gap_appearance_get
                0x0000000000023c4c        0x4 _build/nrf52832_xxaa_ble_advdata.c.o
 .text.sd_ble_gap_device_name_get
                0x0000000000023c50        0x4 _build/nrf52832_xxaa_ble_advdata.c.o
 .text.sd_ble_uuid_encode
                0x0000000000023c54        0x4 _build/nrf52832_xxaa_ble_advdata.c.o
 .text.uuid_list_sized_encode
                0x0000000000023c58       0xb8 _build/nrf52832_xxaa_ble_advdata.c.o
 .text.adv_data_encode
                0x0000000000023d10      0x3f4 _build/nrf52832_xxaa_ble_advdata.c.o
                0x0000000000023d10                adv_data_encode
 .text.ble_advdata_set
                0x0000000000024104      0x4d8 _build/nrf52832_xxaa_ble_advdata.c.o
                0x0000000000024104                ble_advdata_set
 .text.sd_ble_gap_adv_start
                0x00000000000245dc        0x4 _build/nrf52832_xxaa_ble_advertising.c.o
 .text.sd_ble_gap_adv_stop
                0x00000000000245e0        0x4 _build/nrf52832_xxaa_ble_advertising.c.o
 .text.ble_advertising_start.part.1
                0x00000000000245e4      0x23c _build/nrf52832_xxaa_ble_advertising.c.o
 .text.ble_advertising_init
                0x0000000000024820      0x178 _build/nrf52832_xxaa_ble_advertising.c.o
                0x0000000000024820                ble_advertising_init
 .text.ble_advertising_start
                0x0000000000024998       0x40 _build/nrf52832_xxaa_ble_advertising.c.o
                0x0000000000024998                ble_advertising_start
 .text.ble_advertising_on_ble_evt
                0x00000000000249d8       0xc0 _build/nrf52832_xxaa_ble_advertising.c.o
                0x00000000000249d8                ble_advertising_on_ble_evt
 .text.ble_advertising_on_sys_evt
                0x0000000000024a98       0x60 _build/nrf52832_xxaa_ble_advertising.c.o
                0x0000000000024a98                ble_advertising_on_sys_evt
 .text.ble_advertising_restart_without_whitelist
                0x0000000000024af8       0x80 _build/nrf52832_xxaa_ble_advertising.c.o
                0x0000000000024af8                ble_advertising_restart_without_whitelist
 .text.sd_ble_gap_conn_param_update
                0x0000000000024b78        0x4 _build/nrf52832_xxaa_ble_conn_params.c.o
 .text.sd_ble_gap_disconnect
                0x0000000000024b7c        0x4 _build/nrf52832_xxaa_ble_conn_params.c.o
 .text.sd_ble_gap_ppcp_set
                0x0000000000024b80        0x4 _build/nrf52832_xxaa_ble_conn_params.c.o
 .text.sd_ble_gap_ppcp_get
                0x0000000000024b84        0x4 _build/nrf52832_xxaa_ble_conn_params.c.o
 .text.update_timeout_handler
                0x0000000000024b88       0x74 _build/nrf52832_xxaa_ble_conn_params.c.o
 .text.conn_params_negotiation
                0x0000000000024bfc       0x94 _build/nrf52832_xxaa_ble_conn_params.c.o
 .text.ble_conn_params_init
                0x0000000000024c90       0x74 _build/nrf52832_xxaa_ble_conn_params.c.o
                0x0000000000024c90                ble_conn_params_init
 .text.ble_conn_params_on_ble_evt
                0x0000000000024d04       0xb8 _build/nrf52832_xxaa_ble_conn_params.c.o
                0x0000000000024d04                ble_conn_params_on_ble_evt
 .text.ble_conn_state_on_ble_evt
                0x0000000000024dbc      0x114 _build/nrf52832_xxaa_ble_conn_state.c.o
                0x0000000000024dbc                ble_conn_state_on_ble_evt
 .text.ble_conn_state_role
                0x0000000000024ed0       0x2c _build/nrf52832_xxaa_ble_conn_state.c.o
                0x0000000000024ed0                ble_conn_state_role
 .text.ble_conn_state_encrypted
                0x0000000000024efc       0x10 _build/nrf52832_xxaa_ble_conn_state.c.o
                0x0000000000024efc                ble_conn_state_encrypted
 .text.ble_conn_state_mitm_protected
                0x0000000000024f0c       0x10 _build/nrf52832_xxaa_ble_conn_state.c.o
                0x0000000000024f0c                ble_conn_state_mitm_protected
 .text.ble_conn_state_conn_handles
                0x0000000000024f1c       0x18 _build/nrf52832_xxaa_ble_conn_state.c.o
                0x0000000000024f1c                ble_conn_state_conn_handles
 .text.ble_conn_state_user_flag_acquire
                0x0000000000024f34       0x30 _build/nrf52832_xxaa_ble_conn_state.c.o
                0x0000000000024f34                ble_conn_state_user_flag_acquire
 .text.ble_conn_state_user_flag_get
                0x0000000000024f64       0x28 _build/nrf52832_xxaa_ble_conn_state.c.o
                0x0000000000024f64                ble_conn_state_user_flag_get
 .text.ble_conn_state_user_flag_set
                0x0000000000024f8c       0x28 _build/nrf52832_xxaa_ble_conn_state.c.o
                0x0000000000024f8c                ble_conn_state_user_flag_set
 .text.ble_conn_state_user_flag_collection
                0x0000000000024fb4       0x18 _build/nrf52832_xxaa_ble_conn_state.c.o
                0x0000000000024fb4                ble_conn_state_user_flag_collection
 .text.ble_srv_is_notification_enabled
                0x0000000000024fcc        0x8 _build/nrf52832_xxaa_ble_srv_common.c.o
                0x0000000000024fcc                ble_srv_is_notification_enabled
 .text.local_db_update_in_evt
                0x0000000000024fd4       0x9c _build/nrf52832_xxaa_gatt_cache_manager.c.o
 .text.local_db_apply_in_evt.part.1
                0x0000000000025070       0x94 _build/nrf52832_xxaa_gatt_cache_manager.c.o
 .text.service_changed_pending_flags_check.part.2
                0x0000000000025104      0x10c _build/nrf52832_xxaa_gatt_cache_manager.c.o
 .text.gcm_gscm_evt_handler
                0x0000000000025210       0x80 _build/nrf52832_xxaa_gatt_cache_manager.c.o
                0x0000000000025210                gcm_gscm_evt_handler
 .text.gcm_im_evt_handler
                0x0000000000025290       0xa8 _build/nrf52832_xxaa_gatt_cache_manager.c.o
                0x0000000000025290                gcm_im_evt_handler
 .text.gcm_smd_evt_handler
                0x0000000000025338       0xb0 _build/nrf52832_xxaa_gatt_cache_manager.c.o
                0x0000000000025338                gcm_smd_evt_handler
 .text.gcm_init
                0x00000000000253e8       0x54 _build/nrf52832_xxaa_gatt_cache_manager.c.o
                0x00000000000253e8                gcm_init
 .text.gcm_ble_evt_handler
                0x000000000002543c      0x128 _build/nrf52832_xxaa_gatt_cache_manager.c.o
                0x000000000002543c                gcm_ble_evt_handler
 .text.gcm_local_database_has_changed
                0x0000000000025564       0x70 _build/nrf52832_xxaa_gatt_cache_manager.c.o
                0x0000000000025564                gcm_local_database_has_changed
 .text.sd_ble_gatts_service_changed
                0x00000000000255d4        0x4 _build/nrf52832_xxaa_gatts_cache_manager.c.o
 .text.sd_ble_gatts_sys_attr_set
                0x00000000000255d8        0x4 _build/nrf52832_xxaa_gatts_cache_manager.c.o
 .text.sd_ble_gatts_sys_attr_get
                0x00000000000255dc        0x4 _build/nrf52832_xxaa_gatts_cache_manager.c.o
 .text.gscm_pdb_evt_handler
                0x00000000000255e0       0x88 _build/nrf52832_xxaa_gatts_cache_manager.c.o
                0x00000000000255e0                gscm_pdb_evt_handler
 .text.gscm_init
                0x0000000000025668       0x10 _build/nrf52832_xxaa_gatts_cache_manager.c.o
                0x0000000000025668                gscm_init
 .text.gscm_local_db_cache_update
                0x0000000000025678       0x90 _build/nrf52832_xxaa_gatts_cache_manager.c.o
                0x0000000000025678                gscm_local_db_cache_update
 .text.gscm_local_db_cache_apply
                0x0000000000025708       0x84 _build/nrf52832_xxaa_gatts_cache_manager.c.o
                0x0000000000025708                gscm_local_db_cache_apply
 .text.gscm_local_database_has_changed
                0x000000000002578c       0x5c _build/nrf52832_xxaa_gatts_cache_manager.c.o
                0x000000000002578c                gscm_local_database_has_changed
 .text.gscm_service_changed_ind_needed
                0x00000000000257e8       0x24 _build/nrf52832_xxaa_gatts_cache_manager.c.o
                0x00000000000257e8                gscm_service_changed_ind_needed
 .text.gscm_service_changed_ind_send
                0x000000000002580c       0x2c _build/nrf52832_xxaa_gatts_cache_manager.c.o
                0x000000000002580c                gscm_service_changed_ind_send
 .text.gscm_db_change_notification_done
                0x0000000000025838       0x24 _build/nrf52832_xxaa_gatts_cache_manager.c.o
                0x0000000000025838                gscm_db_change_notification_done
 .text.sd_ecb_block_encrypt
                0x000000000002585c        0x4 _build/nrf52832_xxaa_id_manager.c.o
 .text.im_ble_evt_handler
                0x0000000000025860      0x2e8 _build/nrf52832_xxaa_id_manager.c.o
                0x0000000000025860                im_ble_evt_handler
 .text.im_pdb_evt_handler
                0x0000000000025b48      0x150 _build/nrf52832_xxaa_id_manager.c.o
                0x0000000000025b48                im_pdb_evt_handler
 .text.im_init  0x0000000000025c98       0x3c _build/nrf52832_xxaa_id_manager.c.o
                0x0000000000025c98                im_init
 .text.im_peer_id_get_by_conn_handle
                0x0000000000025cd4       0x7c _build/nrf52832_xxaa_id_manager.c.o
                0x0000000000025cd4                im_peer_id_get_by_conn_handle
 .text.im_ble_addr_get
                0x0000000000025d50       0x90 _build/nrf52832_xxaa_id_manager.c.o
                0x0000000000025d50                im_ble_addr_get
 .text.im_master_ids_compare
                0x0000000000025de0       0x48 _build/nrf52832_xxaa_id_manager.c.o
                0x0000000000025de0                im_master_ids_compare
 .text.im_peer_id_get_by_master_id
                0x0000000000025e28       0xe0 _build/nrf52832_xxaa_id_manager.c.o
                0x0000000000025e28                im_peer_id_get_by_master_id
 .text.im_conn_handle_get
                0x0000000000025f08       0x6c _build/nrf52832_xxaa_id_manager.c.o
                0x0000000000025f08                im_conn_handle_get
 .text.im_master_id_is_valid
                0x0000000000025f74       0x30 _build/nrf52832_xxaa_id_manager.c.o
                0x0000000000025f74                im_master_id_is_valid
 .text.im_new_peer_id
                0x0000000000025fa4       0x7c _build/nrf52832_xxaa_id_manager.c.o
                0x0000000000025fa4                im_new_peer_id
 .text.im_peer_free
                0x0000000000026020       0xfc _build/nrf52832_xxaa_id_manager.c.o
                0x0000000000026020                im_peer_free
 .text.peer_data_delete
                0x000000000002611c       0x90 _build/nrf52832_xxaa_peer_data_storage.c.o
 .text.fds_evt_handler
                0x00000000000261ac      0x12c _build/nrf52832_xxaa_peer_data_storage.c.o
 .text.pds_init
                0x00000000000262d8       0x68 _build/nrf52832_xxaa_peer_data_storage.c.o
                0x00000000000262d8                pds_init
 .text.pds_peer_data_read
                0x0000000000026340       0x84 _build/nrf52832_xxaa_peer_data_storage.c.o
                0x0000000000026340                pds_peer_data_read
 .text.pds_peer_data_iterate_prepare
                0x00000000000263c4       0x10 _build/nrf52832_xxaa_peer_data_storage.c.o
                0x00000000000263c4                pds_peer_data_iterate_prepare
 .text.pds_peer_data_iterate
                0x00000000000263d4       0x50 _build/nrf52832_xxaa_peer_data_storage.c.o
                0x00000000000263d4                pds_peer_data_iterate
 .text.pds_space_reserve
                0x0000000000026424       0x34 _build/nrf52832_xxaa_peer_data_storage.c.o
                0x0000000000026424                pds_space_reserve
 .text.pds_space_reserve_cancel
                0x0000000000026458       0x20 _build/nrf52832_xxaa_peer_data_storage.c.o
                0x0000000000026458                pds_space_reserve_cancel
 .text.pds_peer_data_store
                0x0000000000026478       0xbc _build/nrf52832_xxaa_peer_data_storage.c.o
                0x0000000000026478                pds_peer_data_store
 .text.pds_peer_id_allocate
                0x0000000000026534        0x8 _build/nrf52832_xxaa_peer_data_storage.c.o
                0x0000000000026534                pds_peer_id_allocate
 .text.pds_peer_id_free
                0x000000000002653c       0x18 _build/nrf52832_xxaa_peer_data_storage.c.o
                0x000000000002653c                pds_peer_id_free
 .text.pds_peer_id_is_allocated
                0x0000000000026554        0x4 _build/nrf52832_xxaa_peer_data_storage.c.o
                0x0000000000026554                pds_peer_id_is_allocated
 .text.pds_next_peer_id_get
                0x0000000000026558        0x4 _build/nrf52832_xxaa_peer_data_storage.c.o
                0x0000000000026558                pds_next_peer_id_get
 .text.pds_next_deleted_peer_id_get
                0x000000000002655c        0x4 _build/nrf52832_xxaa_peer_data_storage.c.o
                0x000000000002655c                pds_next_deleted_peer_id_get
 .text.pdb_write_buf_store.part.2
                0x0000000000026560      0x318 _build/nrf52832_xxaa_peer_database.c.o
 .text.pdb_pds_evt_handler
                0x0000000000026878      0x500 _build/nrf52832_xxaa_peer_database.c.o
                0x0000000000026878                pdb_pds_evt_handler
 .text.pdb_init
                0x0000000000026d78      0x150 _build/nrf52832_xxaa_peer_database.c.o
                0x0000000000026d78                pdb_init
 .text.pdb_peer_allocate
                0x0000000000026ec8        0x4 _build/nrf52832_xxaa_peer_database.c.o
                0x0000000000026ec8                pdb_peer_allocate
 .text.pdb_peer_free
                0x0000000000026ecc      0x3f4 _build/nrf52832_xxaa_peer_database.c.o
                0x0000000000026ecc                pdb_peer_free
 .text.pdb_peer_data_ptr_get
                0x00000000000272c0        0x8 _build/nrf52832_xxaa_peer_database.c.o
                0x00000000000272c0                pdb_peer_data_ptr_get
 .text.pdb_write_buf_get
                0x00000000000272c8      0x540 _build/nrf52832_xxaa_peer_database.c.o
                0x00000000000272c8                pdb_write_buf_get
 .text.pdb_write_buf_release
                0x0000000000027808      0x284 _build/nrf52832_xxaa_peer_database.c.o
                0x0000000000027808                pdb_write_buf_release
 .text.pdb_write_buf_store_prepare
                0x0000000000027a8c      0x288 _build/nrf52832_xxaa_peer_database.c.o
                0x0000000000027a8c                pdb_write_buf_store_prepare
 .text.pdb_write_buf_store
                0x0000000000027d14       0x10 _build/nrf52832_xxaa_peer_database.c.o
                0x0000000000027d14                pdb_write_buf_store
 .text.pdb_next_peer_id_get
                0x0000000000027d24        0x4 _build/nrf52832_xxaa_peer_database.c.o
                0x0000000000027d24                pdb_next_peer_id_get
 .text.pdb_next_deleted_peer_id_get
                0x0000000000027d28        0x4 _build/nrf52832_xxaa_peer_database.c.o
                0x0000000000027d28                pdb_next_deleted_peer_id_get
 .text.pdb_peer_data_load
                0x0000000000027d2c       0x18 _build/nrf52832_xxaa_peer_database.c.o
                0x0000000000027d2c                pdb_peer_data_load
 .text.pdb_raw_store
                0x0000000000027d44        0x8 _build/nrf52832_xxaa_peer_database.c.o
                0x0000000000027d44                pdb_raw_store
 .text.peer_id_init
                0x0000000000027d4c       0x2c _build/nrf52832_xxaa_peer_id.c.o
                0x0000000000027d4c                peer_id_init
 .text.peer_id_allocate
                0x0000000000027d78       0x40 _build/nrf52832_xxaa_peer_id.c.o
                0x0000000000027d78                peer_id_allocate
 .text.peer_id_delete
                0x0000000000027db8       0x28 _build/nrf52832_xxaa_peer_id.c.o
                0x0000000000027db8                peer_id_delete
 .text.peer_id_free
                0x0000000000027de0       0x28 _build/nrf52832_xxaa_peer_id.c.o
                0x0000000000027de0                peer_id_free
 .text.peer_id_is_allocated
                0x0000000000027e08       0x14 _build/nrf52832_xxaa_peer_id.c.o
                0x0000000000027e08                peer_id_is_allocated
 .text.peer_id_get_next_used
                0x0000000000027e1c       0x68 _build/nrf52832_xxaa_peer_id.c.o
                0x0000000000027e1c                peer_id_get_next_used
 .text.peer_id_get_next_deleted
                0x0000000000027e84       0x3c _build/nrf52832_xxaa_peer_id.c.o
                0x0000000000027e84                peer_id_get_next_deleted
 .text.pm_pdb_evt_handler
                0x0000000000027ec0      0x228 _build/nrf52832_xxaa_peer_manager.c.o
                0x0000000000027ec0                pm_pdb_evt_handler
 .text.pm_sm_evt_handler
                0x00000000000280e8      0x1bc _build/nrf52832_xxaa_peer_manager.c.o
                0x00000000000280e8                pm_sm_evt_handler
 .text.pm_gcm_evt_handler
                0x00000000000282a4       0xb8 _build/nrf52832_xxaa_peer_manager.c.o
                0x00000000000282a4                pm_gcm_evt_handler
 .text.pm_im_evt_handler
                0x000000000002835c       0x74 _build/nrf52832_xxaa_peer_manager.c.o
                0x000000000002835c                pm_im_evt_handler
 .text.pm_on_ble_evt
                0x00000000000283d0       0x24 _build/nrf52832_xxaa_peer_manager.c.o
                0x00000000000283d0                pm_on_ble_evt
 .text.pm_init  0x00000000000283f4       0x90 _build/nrf52832_xxaa_peer_manager.c.o
                0x00000000000283f4                pm_init
 .text.pm_register
                0x0000000000028484       0x38 _build/nrf52832_xxaa_peer_manager.c.o
                0x0000000000028484                pm_register
 .text.pm_sec_params_set
                0x00000000000284bc       0x14 _build/nrf52832_xxaa_peer_manager.c.o
                0x00000000000284bc                pm_sec_params_set
 .text.pm_conn_secure
                0x00000000000284d0       0x14 _build/nrf52832_xxaa_peer_manager.c.o
                0x00000000000284d0                pm_conn_secure
 .text.pm_conn_sec_config_reply
                0x00000000000284e4        0x4 _build/nrf52832_xxaa_peer_manager.c.o
                0x00000000000284e4                pm_conn_sec_config_reply
 .text.pm_local_database_has_changed
                0x00000000000284e8       0x10 _build/nrf52832_xxaa_peer_manager.c.o
                0x00000000000284e8                pm_local_database_has_changed
 .text.pm_peers_delete
                0x00000000000284f8       0x50 _build/nrf52832_xxaa_peer_manager.c.o
                0x00000000000284f8                pm_peers_delete
 .text.pm_peer_rank_highest
                0x0000000000028548      0x178 _build/nrf52832_xxaa_peer_manager.c.o
                0x0000000000028548                pm_peer_rank_highest
 .text.pm_buffer_init
                0x00000000000286c0       0x54 _build/nrf52832_xxaa_pm_buffer.c.o
                0x00000000000286c0                pm_buffer_init
 .text.pm_buffer_block_acquire
                0x0000000000028714       0x98 _build/nrf52832_xxaa_pm_buffer.c.o
                0x0000000000028714                pm_buffer_block_acquire
 .text.pm_buffer_ptr_get
                0x00000000000287ac       0x30 _build/nrf52832_xxaa_pm_buffer.c.o
                0x00000000000287ac                pm_buffer_ptr_get
 .text.pm_buffer_release
                0x00000000000287dc       0x30 _build/nrf52832_xxaa_pm_buffer.c.o
                0x00000000000287dc                pm_buffer_release
 .text.pm_mutex_init
                0x000000000002880c       0x10 _build/nrf52832_xxaa_pm_mutex.c.o
                0x000000000002880c                pm_mutex_init
 .text.pm_mutex_lock
                0x000000000002881c       0x54 _build/nrf52832_xxaa_pm_mutex.c.o
                0x000000000002881c                pm_mutex_lock
 .text.pm_mutex_unlock
                0x0000000000028870       0x40 _build/nrf52832_xxaa_pm_mutex.c.o
                0x0000000000028870                pm_mutex_unlock
 .text.pm_mutex_lock_first_available
                0x00000000000288b0       0x74 _build/nrf52832_xxaa_pm_mutex.c.o
                0x00000000000288b0                pm_mutex_lock_first_available
 .text.pm_mutex_lock_status_get
                0x0000000000028924       0x20 _build/nrf52832_xxaa_pm_mutex.c.o
                0x0000000000028924                pm_mutex_lock_status_get
 .text.sd_ble_gap_authenticate
                0x0000000000028944        0x4 _build/nrf52832_xxaa_security_dispatcher.c.o
 .text.sd_ble_gap_sec_params_reply
                0x0000000000028948        0x4 _build/nrf52832_xxaa_security_dispatcher.c.o
 .text.sd_ble_gap_encrypt
                0x000000000002894c        0x4 _build/nrf52832_xxaa_security_dispatcher.c.o
 .text.sd_ble_gap_sec_info_reply
                0x0000000000028950        0x4 _build/nrf52832_xxaa_security_dispatcher.c.o
 .text.pairing_failure
                0x0000000000028954       0x80 _build/nrf52832_xxaa_security_dispatcher.c.o
 .text.smd_pdb_evt_handler
                0x00000000000289d4       0x3c _build/nrf52832_xxaa_security_dispatcher.c.o
                0x00000000000289d4                smd_pdb_evt_handler
 .text.smd_init
                0x0000000000028a10       0x60 _build/nrf52832_xxaa_security_dispatcher.c.o
                0x0000000000028a10                smd_init
 .text.smd_params_reply
                0x0000000000028a70      0x1d0 _build/nrf52832_xxaa_security_dispatcher.c.o
                0x0000000000028a70                smd_params_reply
 .text.smd_link_secure
                0x0000000000028c40      0x254 _build/nrf52832_xxaa_security_dispatcher.c.o
                0x0000000000028c40                smd_link_secure
 .text.smd_ble_evt_handler
                0x0000000000028e94      0x3b8 _build/nrf52832_xxaa_security_dispatcher.c.o
                0x0000000000028e94                smd_ble_evt_handler
 .text.link_secure.part.1
                0x000000000002924c      0x148 _build/nrf52832_xxaa_security_manager.c.o
 .text.smd_params_reply_perform
                0x0000000000029394      0x178 _build/nrf52832_xxaa_security_manager.c.o
 .text.sm_smd_evt_handler
                0x000000000002950c       0x80 _build/nrf52832_xxaa_security_manager.c.o
                0x000000000002950c                sm_smd_evt_handler
 .text.sm_pdb_evt_handler
                0x000000000002958c      0x1a4 _build/nrf52832_xxaa_security_manager.c.o
                0x000000000002958c                sm_pdb_evt_handler
 .text.sm_init  0x0000000000029730       0xbc _build/nrf52832_xxaa_security_manager.c.o
                0x0000000000029730                sm_init
 .text.sm_ble_evt_handler
                0x00000000000297ec       0x90 _build/nrf52832_xxaa_security_manager.c.o
                0x00000000000297ec                sm_ble_evt_handler
 .text.sm_sec_params_set
                0x000000000002987c       0x74 _build/nrf52832_xxaa_security_manager.c.o
                0x000000000002987c                sm_sec_params_set
 .text.sm_conn_sec_config_reply
                0x00000000000298f0       0x14 _build/nrf52832_xxaa_security_manager.c.o
                0x00000000000298f0                sm_conn_sec_config_reply
 .text.sm_link_secure
                0x0000000000029904       0xc0 _build/nrf52832_xxaa_security_manager.c.o
                0x0000000000029904                sm_link_secure
 .text.random_model__channel_enabled
                0x00000000000299c4        0xc _build/nrf52832_xxaa_ravel_layer.c.o
                0x00000000000299c4                random_model__channel_enabled
 .text.random_model__channel_disabled
                0x00000000000299d0        0xc _build/nrf52832_xxaa_ravel_layer.c.o
                0x00000000000299d0                random_model__channel_disabled
 .text.system_api__device_connected
                0x00000000000299dc        0xc _build/nrf52832_xxaa_ravel_layer.c.o
                0x00000000000299dc                system_api__device_connected
 .text.system_api__device_disconnected
                0x00000000000299e8        0xc _build/nrf52832_xxaa_ravel_layer.c.o
                0x00000000000299e8                system_api__device_disconnected
 .text.sd_power_system_off
                0x00000000000299f4        0x4 _build/nrf52832_xxaa_main.c.o
 .text.sd_app_evt_wait
                0x00000000000299f8        0x4 _build/nrf52832_xxaa_main.c.o
 .text.sd_ble_gap_disconnect
                0x00000000000299fc        0x4 _build/nrf52832_xxaa_main.c.o
 .text.fds_evt_handler
                0x0000000000029a00        0x4 _build/nrf52832_xxaa_main.c.o
 .text.pm_evt_handler
                0x0000000000029a04       0xb4 _build/nrf52832_xxaa_main.c.o
 .text.bsp_event_handler
                0x0000000000029ab8       0x58 _build/nrf52832_xxaa_main.c.o
                0x0000000000029ab8                bsp_event_handler
 .text.sleep_mode_enter
                0x0000000000029b10       0x2c _build/nrf52832_xxaa_main.c.o
                0x0000000000029b10                sleep_mode_enter
 .text.sys_evt_dispatch
                0x0000000000029b3c       0x14 _build/nrf52832_xxaa_main.c.o
                0x0000000000029b3c                sys_evt_dispatch
 .text.startup.main
                0x0000000000029b50      0x11c _build/nrf52832_xxaa_main.c.o
                0x0000000000029b50                main
 .text.sd_ble_gap_disconnect
                0x0000000000029c6c        0x4 _build/nrf52832_xxaa_api_ble.c.o
 .text.sd_ble_gap_ppcp_set
                0x0000000000029c70        0x4 _build/nrf52832_xxaa_api_ble.c.o
 .text.sd_ble_gap_device_name_set
                0x0000000000029c74        0x4 _build/nrf52832_xxaa_api_ble.c.o
 .text.sd_ble_gatts_service_add
                0x0000000000029c78        0x4 _build/nrf52832_xxaa_api_ble.c.o
 .text.sd_ble_gatts_characteristic_add
                0x0000000000029c7c        0x4 _build/nrf52832_xxaa_api_ble.c.o
 .text.sd_ble_uuid_vs_add
                0x0000000000029c80        0x4 _build/nrf52832_xxaa_api_ble.c.o
 .text.conn_params_error_handler
                0x0000000000029c84        0x4 _build/nrf52832_xxaa_api_ble.c.o
 .text.on_conn_params_evt
                0x0000000000029c88       0x20 _build/nrf52832_xxaa_api_ble.c.o
 .text.on_adv_evt
                0x0000000000029ca8       0x20 _build/nrf52832_xxaa_api_ble.c.o
                0x0000000000029ca8                on_adv_evt
 .text.ble_evt_dispatch
                0x0000000000029cc8      0x104 _build/nrf52832_xxaa_api_ble.c.o
 .text.ble_stack_init
                0x0000000000029dcc       0x7c _build/nrf52832_xxaa_api_ble.c.o
                0x0000000000029dcc                ble_stack_init
 .text.advertising_init
                0x0000000000029e48       0x54 _build/nrf52832_xxaa_api_ble.c.o
                0x0000000000029e48                advertising_init
 .text.advertising_start
                0x0000000000029e9c       0x14 _build/nrf52832_xxaa_api_ble.c.o
                0x0000000000029e9c                advertising_start
 .text.ravel_service_init
                0x0000000000029eb0      0x224 _build/nrf52832_xxaa_api_ble.c.o
                0x0000000000029eb0                ravel_service_init
 .text.gap_params_init
                0x000000000002a0d4       0x68 _build/nrf52832_xxaa_api_ble.c.o
                0x000000000002a0d4                gap_params_init
 .text.services_init
                0x000000000002a13c        0xc _build/nrf52832_xxaa_api_ble.c.o
                0x000000000002a13c                services_init
 .text.conn_params_init
                0x000000000002a148       0x4c _build/nrf52832_xxaa_api_ble.c.o
                0x000000000002a148                conn_params_init
 .text.update_frequency_model__randomizer_ctr__arrived
                0x000000000002a194        0xc _build/nrf52832_xxaa_randomizer_ctr.c.o
                0x000000000002a194                update_frequency_model__randomizer_ctr__arrived
 .text.randomizer_ctr__timer__timer_periodic__expired
                0x000000000002a1a0        0x4 _build/nrf52832_xxaa_randomizer_ctr.c.o
                0x000000000002a1a0                randomizer_ctr__timer__timer_periodic(...)(long long, int *, long double,...)(double)
 .text.RTC1_IRQHandler
                0x000000000002a1a4       0xc4 _build/nrf52832_xxaa_app_timer.c.o
                0x000000000002a1a4                RTC1_IRQHandler
 .text.SWI0_EGU0_IRQHandler
                0x000000000002a268      0x654 _build/nrf52832_xxaa_app_timer.c.o
                0x000000000002a268                SWI0_EGU0_IRQHandler
 .text.app_timer_init
                0x000000000002a8bc      0x1c0 _build/nrf52832_xxaa_app_timer.c.o
                0x000000000002a8bc                app_timer_init
 .text.app_timer_create
                0x000000000002aa7c       0x24 _build/nrf52832_xxaa_app_timer.c.o
                0x000000000002aa7c                app_timer_create
 .text.app_timer_start
                0x000000000002aaa0       0xb0 _build/nrf52832_xxaa_app_timer.c.o
                0x000000000002aaa0                app_timer_start
 .text.app_timer_stop
                0x000000000002ab50       0x7c _build/nrf52832_xxaa_app_timer.c.o
                0x000000000002ab50                app_timer_stop
 .text.timers_init
                0x000000000002abcc       0x3c _build/nrf52832_xxaa_api_timer.c.o
                0x000000000002abcc                timers_init
 .text.memcmp   0x000000000002ac08       0x1e /Users/lauril/workspace/12-sdk/gcc_arm/gcc-arm-none-eabi-5_2-2015q4/bin/../lib/gcc/arm-none-eabi/5.2.1/../../../../arm-none-eabi/lib/armv7e-m/fpu/libc_nano.a(lib_a-memcmp.o)
                0x000000000002ac08                memcmp
 .text.memcpy   0x000000000002ac26       0x16 /Users/lauril/workspace/12-sdk/gcc_arm/gcc-arm-none-eabi-5_2-2015q4/bin/../lib/gcc/arm-none-eabi/5.2.1/../../../../arm-none-eabi/lib/armv7e-m/fpu/libc_nano.a(lib_a-memcpy-stub.o)
                0x000000000002ac26                memcpy
 .text._free_r  0x000000000002ac3c       0x8c /Users/lauril/workspace/12-sdk/gcc_arm/gcc-arm-none-eabi-5_2-2015q4/bin/../lib/gcc/arm-none-eabi/5.2.1/../../../../arm-none-eabi/lib/armv7e-m/fpu/libc_nano.a(lib_a-nano-freer.o)
                0x000000000002ac3c                _free_r
 .text._malloc_r
                0x000000000002acc8       0xa8 /Users/lauril/workspace/12-sdk/gcc_arm/gcc-arm-none-eabi-5_2-2015q4/bin/../lib/gcc/arm-none-eabi/5.2.1/../../../../arm-none-eabi/lib/armv7e-m/fpu/libc_nano.a(lib_a-nano-mallocr.o)
                0x000000000002acc8                _malloc_r
 .text._sbrk_r  0x000000000002ad70       0x20 /Users/lauril/workspace/12-sdk/gcc_arm/gcc-arm-none-eabi-5_2-2015q4/bin/../lib/gcc/arm-none-eabi/5.2.1/../../../../arm-none-eabi/lib/armv7e-m/fpu/libc_nano.a(lib_a-sbrkr.o)
                0x000000000002ad70                _sbrk_r
 .text.sprintf  0x000000000002ad90       0x48 /Users/lauril/workspace/12-sdk/gcc_arm/gcc-arm-none-eabi-5_2-2015q4/bin/../lib/gcc/arm-none-eabi/5.2.1/../../../../arm-none-eabi/lib/armv7e-m/fpu/libc_nano.a(lib_a-sprintf.o)
                0x000000000002ad90                sprintf
                0x000000000002ad90                siprintf
 .text.strcpy   0x000000000002add8       0x10 /Users/lauril/workspace/12-sdk/gcc_arm/gcc-arm-none-eabi-5_2-2015q4/bin/../lib/gcc/arm-none-eabi/5.2.1/../../../../arm-none-eabi/lib/armv7e-m/fpu/libc_nano.a(lib_a-strcpy.o)
                0x000000000002add8                strcpy
 .text          0x000000000002ade8       0x10 /Users/lauril/workspace/12-sdk/gcc_arm/gcc-arm-none-eabi-5_2-2015q4/bin/../lib/gcc/arm-none-eabi/5.2.1/../../../../arm-none-eabi/lib/armv7e-m/fpu/libc_nano.a(lib_a-strlen.o)
                0x000000000002ade8                strlen
 .text.__ssputs_r
                0x000000000002adf8       0xb2 /Users/lauril/workspace/12-sdk/gcc_arm/gcc-arm-none-eabi-5_2-2015q4/bin/../lib/gcc/arm-none-eabi/5.2.1/../../../../arm-none-eabi/lib/armv7e-m/fpu/libc_nano.a(lib_a-nano-svfprintf.o)
                0x000000000002adf8                __ssputs_r
 *fill*         0x000000000002aeaa        0x2 
 .text._svfprintf_r
                0x000000000002aeac      0x1e8 /Users/lauril/workspace/12-sdk/gcc_arm/gcc-arm-none-eabi-5_2-2015q4/bin/../lib/gcc/arm-none-eabi/5.2.1/../../../../arm-none-eabi/lib/armv7e-m/fpu/libc_nano.a(lib_a-nano-svfprintf.o)
                0x000000000002aeac                _svfprintf_r
                0x000000000002aeac                _svfiprintf_r
 .text._printf_common
                0x000000000002b094       0xec /Users/lauril/workspace/12-sdk/gcc_arm/gcc-arm-none-eabi-5_2-2015q4/bin/../lib/gcc/arm-none-eabi/5.2.1/../../../../arm-none-eabi/lib/armv7e-m/fpu/libc_nano.a(lib_a-nano-vfprintf_i.o)
                0x000000000002b094                _printf_common
 .text._printf_i
                0x000000000002b180      0x24c /Users/lauril/workspace/12-sdk/gcc_arm/gcc-arm-none-eabi-5_2-2015q4/bin/../lib/gcc/arm-none-eabi/5.2.1/../../../../arm-none-eabi/lib/armv7e-m/fpu/libc_nano.a(lib_a-nano-vfprintf_i.o)
                0x000000000002b180                _printf_i
 *fill*         0x000000000002b3cc        0x4 
 .text          0x000000000002b3d0       0xa0 /Users/lauril/workspace/12-sdk/gcc_arm/gcc-arm-none-eabi-5_2-2015q4/bin/../lib/gcc/arm-none-eabi/5.2.1/../../../../arm-none-eabi/lib/armv7e-m/fpu/libc_nano.a(lib_a-memchr.o)
                0x000000000002b3d0                memchr
 .text.memmove  0x000000000002b470       0x36 /Users/lauril/workspace/12-sdk/gcc_arm/gcc-arm-none-eabi-5_2-2015q4/bin/../lib/gcc/arm-none-eabi/5.2.1/../../../../arm-none-eabi/lib/armv7e-m/fpu/libc_nano.a(lib_a-memmove.o)
                0x000000000002b470                memmove
 .text._realloc_r
                0x000000000002b4a6       0x4c /Users/lauril/workspace/12-sdk/gcc_arm/gcc-arm-none-eabi-5_2-2015q4/bin/../lib/gcc/arm-none-eabi/5.2.1/../../../../arm-none-eabi/lib/armv7e-m/fpu/libc_nano.a(lib_a-nano-reallocr.o)
                0x000000000002b4a6                _realloc_r
 .text._malloc_usable_size_r
                0x000000000002b4f2       0x14 /Users/lauril/workspace/12-sdk/gcc_arm/gcc-arm-none-eabi-5_2-2015q4/bin/../lib/gcc/arm-none-eabi/5.2.1/../../../../arm-none-eabi/lib/armv7e-m/fpu/libc_nano.a(lib_a-nano-msizer.o)
                0x000000000002b4f2                _malloc_usable_size_r
 *fill*         0x000000000002b506        0x2 
 .text._sbrk    0x000000000002b508       0x1c /Users/lauril/workspace/12-sdk/gcc_arm/gcc-arm-none-eabi-5_2-2015q4/bin/../lib/gcc/arm-none-eabi/5.2.1/../../../../arm-none-eabi/lib/armv7e-m/fpu/libnosys.a(sbrk.o)
                0x000000000002b508                _sbrk
 *(.init)
 .init          0x000000000002b524        0x4 /Users/lauril/workspace/12-sdk/gcc_arm/gcc-arm-none-eabi-5_2-2015q4/bin/../lib/gcc/arm-none-eabi/5.2.1/armv7e-m/fpu/crti.o
                0x000000000002b524                _init
 .init          0x000000000002b528        0x8 /Users/lauril/workspace/12-sdk/gcc_arm/gcc-arm-none-eabi-5_2-2015q4/bin/../lib/gcc/arm-none-eabi/5.2.1/armv7e-m/fpu/crtn.o
 *(.fini)
 .fini          0x000000000002b530        0x4 /Users/lauril/workspace/12-sdk/gcc_arm/gcc-arm-none-eabi-5_2-2015q4/bin/../lib/gcc/arm-none-eabi/5.2.1/armv7e-m/fpu/crti.o
                0x000000000002b530                _fini
 .fini          0x000000000002b534        0x8 /Users/lauril/workspace/12-sdk/gcc_arm/gcc-arm-none-eabi-5_2-2015q4/bin/../lib/gcc/arm-none-eabi/5.2.1/armv7e-m/fpu/crtn.o
 *crtbegin.o(.ctors)
 *crtbegin?.o(.ctors)
 *(EXCLUDE_FILE(*crtend.o *crtend?.o) .ctors)
 *(SORT(.ctors.*))
 *(.ctors)
 *crtbegin.o(.dtors)
 *crtbegin?.o(.dtors)
 *(EXCLUDE_FILE(*crtend.o *crtend?.o) .dtors)
 *(SORT(.dtors.*))
 *(.dtors)
 *(.rodata*)
 .rodata.str1.1
                0x000000000002b53c        0x2 /Users/lauril/workspace/12-sdk/gcc_arm/gcc-arm-none-eabi-5_2-2015q4/bin/../lib/gcc/arm-none-eabi/5.2.1/../../../../arm-none-eabi/lib/armv7e-m/fpu/libc_nano.a(lib_a-impure.o)
 *fill*         0x000000000002b53e        0x2 
 .rodata._global_impure_ptr
                0x000000000002b540        0x4 /Users/lauril/workspace/12-sdk/gcc_arm/gcc-arm-none-eabi-5_2-2015q4/bin/../lib/gcc/arm-none-eabi/5.2.1/../../../../arm-none-eabi/lib/armv7e-m/fpu/libc_nano.a(lib_a-impure.o)
                0x000000000002b540                _global_impure_ptr
 .rodata.str1.4
                0x000000000002b544        0xf _build/nrf52832_xxaa_nrf_log_backend_serial.c.o
 *fill*         0x000000000002b553        0x1 
 .rodata.str1.4
                0x000000000002b554        0xb _build/nrf52832_xxaa_nrf_log_frontend.c.o
 *fill*         0x000000000002b55f        0x1 
 .rodata.str1.4
                0x000000000002b560       0x17 _build/nrf52832_xxaa_SEGGER_RTT.c.o
 *fill*         0x000000000002b577        0x1 
 .rodata.str1.4
                0x000000000002b578       0x18 _build/nrf52832_xxaa_app_error_weak.c.o
 .rodata.m_fds_tl_dirty
                0x000000000002b590        0x4 _build/nrf52832_xxaa_fds.c.o
 .rodata.page_tag_swap.6575
                0x000000000002b594        0x8 _build/nrf52832_xxaa_fds.c.o
 .rodata.page_tag_data.6579
                0x000000000002b59c        0x8 _build/nrf52832_xxaa_fds.c.o
 .rodata.m_detection_delay_timer_id
                0x000000000002b5a4        0x4 _build/nrf52832_xxaa_app_button.c.o
 .rodata.m_button_timer_id
                0x000000000002b5a8        0x4 _build/nrf52832_xxaa_bsp.c.o
 .rodata.m_buttons_list
                0x000000000002b5ac       0x10 _build/nrf52832_xxaa_bsp.c.o
 .rodata.m_leds_timer_id
                0x000000000002b5bc        0x4 _build/nrf52832_xxaa_bsp.c.o
 .rodata.app_buttons
                0x000000000002b5c0       0x20 _build/nrf52832_xxaa_bsp.c.o
 .rodata.m_alert_timer_id
                0x000000000002b5e0        0x4 _build/nrf52832_xxaa_bsp.c.o
 .rodata.str1.4
                0x000000000002b5e4      0x142 _build/nrf52832_xxaa_softdevice_handler.c.o
 *fill*         0x000000000002b726        0x2 
 .rodata.m_conn_params_timer_id
                0x000000000002b728        0x4 _build/nrf52832_xxaa_ble_conn_params.c.o
 .rodata        0x000000000002b72c       0x10 _build/nrf52832_xxaa_gatts_cache_manager.c.o
 .rodata.service_changed_pending.8611
                0x000000000002b73c        0x4 _build/nrf52832_xxaa_gatts_cache_manager.c.o
 .rodata.service_changed_pending.8674
                0x000000000002b740        0x4 _build/nrf52832_xxaa_gatts_cache_manager.c.o
 .rodata.m_evt_handlers
                0x000000000002b744       0x14 _build/nrf52832_xxaa_peer_database.c.o
 .rodata        0x000000000002b758        0x8 _build/nrf52832_xxaa_peer_manager.c.o
 .rodata.str1.4
                0x000000000002b760       0x44 _build/nrf52832_xxaa_ravel_layer.c.o
 .rodata.str1.4
                0x000000000002b7a4       0xa6 _build/nrf52832_xxaa_main.c.o
 *fill*         0x000000000002b84a        0x2 
 .rodata        0x000000000002b84c       0x14 _build/nrf52832_xxaa_api_ble.c.o
 .rodata.str1.4
                0x000000000002b860      0x132 _build/nrf52832_xxaa_api_ble.c.o
 *fill*         0x000000000002b992        0x2 
 .rodata.str1.4
                0x000000000002b994      0x1ad _build/nrf52832_xxaa_randomizer_ctr.c.o
 *fill*         0x000000000002bb41        0x3 
 .rodata.m_randomizer_ctr__timer__timer_periodic
                0x000000000002bb44        0x4 _build/nrf52832_xxaa_api_timer.c.o
 .rodata.str1.4
                0x000000000002bb48       0x60 _build/nrf52832_xxaa_api_timer.c.o
                                         0x5e (size before relaxing)
 .rodata.str1.1
                0x000000000002bba8       0x11 /Users/lauril/workspace/12-sdk/gcc_arm/gcc-arm-none-eabi-5_2-2015q4/bin/../lib/gcc/arm-none-eabi/5.2.1/../../../../arm-none-eabi/lib/armv7e-m/fpu/libc_nano.a(lib_a-nano-svfprintf.o)
 .rodata.str1.1
                0x000000000002bbb9       0x22 /Users/lauril/workspace/12-sdk/gcc_arm/gcc-arm-none-eabi-5_2-2015q4/bin/../lib/gcc/arm-none-eabi/5.2.1/../../../../arm-none-eabi/lib/armv7e-m/fpu/libc_nano.a(lib_a-nano-vfprintf_i.o)
 *(.eh_frame*)
 *fill*         0x000000000002bbdb        0x1 
 .eh_frame      0x000000000002bbdc        0x0 /Users/lauril/workspace/12-sdk/gcc_arm/gcc-arm-none-eabi-5_2-2015q4/bin/../lib/gcc/arm-none-eabi/5.2.1/armv7e-m/fpu/crtbegin.o
 .eh_frame      0x000000000002bbdc        0x4 /Users/lauril/workspace/12-sdk/gcc_arm/gcc-arm-none-eabi-5_2-2015q4/bin/../lib/gcc/arm-none-eabi/5.2.1/armv7e-m/fpu/crtend.o

.glue_7         0x000000000002bbe0        0x0
 .glue_7        0x000000000002bbe0        0x0 linker stubs

.glue_7t        0x000000000002bbe0        0x0
 .glue_7t       0x000000000002bbe0        0x0 linker stubs

.vfp11_veneer   0x000000000002bbe0        0x0
 .vfp11_veneer  0x000000000002bbe0        0x0 linker stubs

.v4_bx          0x000000000002bbe0        0x0
 .v4_bx         0x000000000002bbe0        0x0 linker stubs

.iplt           0x000000000002bbe0        0x0
 .iplt          0x000000000002bbe0        0x0 /Users/lauril/workspace/12-sdk/gcc_arm/gcc-arm-none-eabi-5_2-2015q4/bin/../lib/gcc/arm-none-eabi/5.2.1/armv7e-m/fpu/crtbegin.o

.ARM.extab
 *(.ARM.extab* .gnu.linkonce.armextab.*)
                0x000000000002bbe0                __exidx_start = .

.ARM.exidx      0x000000000002bbe0        0x8
 *(.ARM.exidx* .gnu.linkonce.armexidx.*)
 .ARM.exidx     0x000000000002bbe0        0x8 /Users/lauril/workspace/12-sdk/gcc_arm/gcc-arm-none-eabi-5_2-2015q4/bin/../lib/gcc/arm-none-eabi/5.2.1/../../../../arm-none-eabi/lib/armv7e-m/fpu/crt0.o
                0x000000000002bbe8                __exidx_end = .
                0x000000000002bbe8                __etext = .

.rel.dyn        0x000000000002bbe8        0x0
 .rel.iplt      0x000000000002bbe8        0x0 /Users/lauril/workspace/12-sdk/gcc_arm/gcc-arm-none-eabi-5_2-2015q4/bin/../lib/gcc/arm-none-eabi/5.2.1/armv7e-m/fpu/crtbegin.o

.data           0x0000000020002128       0x80 load address 0x000000000002bbe8
                0x0000000020002128                __data_start__ = .
 *(vtable)
 *(.data*)
 .data.impure_data
                0x0000000020002128       0x60 /Users/lauril/workspace/12-sdk/gcc_arm/gcc-arm-none-eabi-5_2-2015q4/bin/../lib/gcc/arm-none-eabi/5.2.1/../../../../arm-none-eabi/lib/armv7e-m/fpu/libc_nano.a(lib_a-impure.o)
 .data._impure_ptr
                0x0000000020002188        0x4 /Users/lauril/workspace/12-sdk/gcc_arm/gcc-arm-none-eabi-5_2-2015q4/bin/../lib/gcc/arm-none-eabi/5.2.1/../../../../arm-none-eabi/lib/armv7e-m/fpu/libc_nano.a(lib_a-impure.o)
                0x0000000020002188                _impure_ptr
 .data.SystemCoreClock
                0x000000002000218c        0x4 _build/nrf52832_xxaa_system_nrf52.c.o
                0x000000002000218c                SystemCoreClock
 .data.m_flag_sec_proc_new_peer
                0x0000000020002190        0x1 _build/nrf52832_xxaa_security_dispatcher.c.o
 .data.m_flag_sec_proc
                0x0000000020002191        0x1 _build/nrf52832_xxaa_security_dispatcher.c.o
 .data.m_flag_sec_proc_pairing
                0x0000000020002192        0x1 _build/nrf52832_xxaa_security_dispatcher.c.o
 .data.m_flag_params_reply_pending_flash_full
                0x0000000020002193        0x1 _build/nrf52832_xxaa_security_manager.c.o
 .data.m_flag_reject_pairing
                0x0000000020002194        0x1 _build/nrf52832_xxaa_security_manager.c.o
 .data.m_flag_params_reply_pending_busy
                0x0000000020002195        0x1 _build/nrf52832_xxaa_security_manager.c.o
 .data.m_flag_link_secure_null_params
                0x0000000020002196        0x1 _build/nrf52832_xxaa_security_manager.c.o
 .data.m_flag_link_secure_pending_flash_full
                0x0000000020002197        0x1 _build/nrf52832_xxaa_security_manager.c.o
 .data.m_flag_link_secure_force_repairing
                0x0000000020002198        0x1 _build/nrf52832_xxaa_security_manager.c.o
 .data.m_flag_link_secure_pending_busy
                0x0000000020002199        0x1 _build/nrf52832_xxaa_security_manager.c.o
                0x000000002000219c                . = ALIGN (0x4)
 *fill*         0x000000002000219a        0x2 
                0x000000002000219c                PROVIDE (__preinit_array_start, .)
 *(.preinit_array)
                0x000000002000219c                PROVIDE (__preinit_array_end, .)
                0x000000002000219c                . = ALIGN (0x4)
                0x000000002000219c                PROVIDE (__init_array_start, .)
 *(SORT(.init_array.*))
 *(.init_array)
 .init_array    0x000000002000219c        0x4 /Users/lauril/workspace/12-sdk/gcc_arm/gcc-arm-none-eabi-5_2-2015q4/bin/../lib/gcc/arm-none-eabi/5.2.1/armv7e-m/fpu/crtbegin.o
                0x00000000200021a0                PROVIDE (__init_array_end, .)
                0x00000000200021a0                . = ALIGN (0x4)
                [!provide]                        PROVIDE (__fini_array_start, .)
 *(SORT(.fini_array.*))
 *(.fini_array)
 .fini_array    0x00000000200021a0        0x4 /Users/lauril/workspace/12-sdk/gcc_arm/gcc-arm-none-eabi-5_2-2015q4/bin/../lib/gcc/arm-none-eabi/5.2.1/armv7e-m/fpu/crtbegin.o
                [!provide]                        PROVIDE (__fini_array_end, .)
 *(.jcr*)
 .jcr           0x00000000200021a4        0x0 /Users/lauril/workspace/12-sdk/gcc_arm/gcc-arm-none-eabi-5_2-2015q4/bin/../lib/gcc/arm-none-eabi/5.2.1/armv7e-m/fpu/crtbegin.o
 .jcr           0x00000000200021a4        0x4 /Users/lauril/workspace/12-sdk/gcc_arm/gcc-arm-none-eabi-5_2-2015q4/bin/../lib/gcc/arm-none-eabi/5.2.1/armv7e-m/fpu/crtend.o
                0x00000000200021a8                . = ALIGN (0x4)
                0x00000000200021a8                __data_end__ = .
LOAD /Users/lauril/workspace/12-sdk/gcc_arm/gcc-arm-none-eabi-5_2-2015q4/bin/../lib/gcc/arm-none-eabi/5.2.1/armv7e-m/fpu/crti.o
LOAD /Users/lauril/workspace/12-sdk/gcc_arm/gcc-arm-none-eabi-5_2-2015q4/bin/../lib/gcc/arm-none-eabi/5.2.1/armv7e-m/fpu/crtbegin.o
LOAD /Users/lauril/workspace/12-sdk/gcc_arm/gcc-arm-none-eabi-5_2-2015q4/bin/../lib/gcc/arm-none-eabi/5.2.1/../../../../arm-none-eabi/lib/armv7e-m/fpu/crt0.o
LOAD /Users/lauril/workspace/12-sdk/gcc_arm/gcc-arm-none-eabi-5_2-2015q4/bin/../lib/gcc/arm-none-eabi/5.2.1/../../../../arm-none-eabi/lib/armv7e-m/fpu/libc_nano.a
LOAD /Users/lauril/workspace/12-sdk/gcc_arm/gcc-arm-none-eabi-5_2-2015q4/bin/../lib/gcc/arm-none-eabi/5.2.1/../../../../arm-none-eabi/lib/armv7e-m/fpu/libnosys.a
LOAD _build/nrf52832_xxaa_nrf_log_backend_serial.c.o
LOAD _build/nrf52832_xxaa_nrf_log_frontend.c.o
LOAD _build/nrf52832_xxaa_RTT_Syscalls_GCC.c.o
LOAD _build/nrf52832_xxaa_SEGGER_RTT.c.o
LOAD _build/nrf52832_xxaa_SEGGER_RTT_printf.c.o
LOAD _build/nrf52832_xxaa_app_error.c.o
LOAD _build/nrf52832_xxaa_app_error_weak.c.o
LOAD _build/nrf52832_xxaa_hardfault_implementation.c.o
LOAD _build/nrf52832_xxaa_nrf_assert.c.o
LOAD _build/nrf52832_xxaa_app_fifo.c.o
LOAD _build/nrf52832_xxaa_app_util_platform.c.o
LOAD _build/nrf52832_xxaa_crc16.c.o
LOAD _build/nrf52832_xxaa_fds.c.o
LOAD _build/nrf52832_xxaa_fstorage.c.o
LOAD _build/nrf52832_xxaa_sdk_mapped_flags.c.o
LOAD _build/nrf52832_xxaa_nrf_drv_clock.c.o
LOAD _build/nrf52832_xxaa_nrf_drv_common.c.o
LOAD _build/nrf52832_xxaa_nrf_drv_gpiote.c.o
LOAD _build/nrf52832_xxaa_app_button.c.o
LOAD _build/nrf52832_xxaa_bsp.c.o
LOAD _build/nrf52832_xxaa_bsp_btn_ble.c.o
LOAD _build/nrf52832_xxaa_gcc_startup_nrf52.S.o
LOAD _build/nrf52832_xxaa_system_nrf52.c.o
LOAD _build/nrf52832_xxaa_softdevice_handler.c.o
LOAD _build/nrf52832_xxaa_nrf_drv_uart.c.o
LOAD _build/nrf52832_xxaa_ble_advdata.c.o
LOAD _build/nrf52832_xxaa_ble_advertising.c.o
LOAD _build/nrf52832_xxaa_ble_conn_params.c.o
LOAD _build/nrf52832_xxaa_ble_conn_state.c.o
LOAD _build/nrf52832_xxaa_ble_srv_common.c.o
LOAD _build/nrf52832_xxaa_gatt_cache_manager.c.o
LOAD _build/nrf52832_xxaa_gatts_cache_manager.c.o
LOAD _build/nrf52832_xxaa_id_manager.c.o
LOAD _build/nrf52832_xxaa_peer_data.c.o
LOAD _build/nrf52832_xxaa_peer_data_storage.c.o
LOAD _build/nrf52832_xxaa_peer_database.c.o
LOAD _build/nrf52832_xxaa_peer_id.c.o
LOAD _build/nrf52832_xxaa_peer_manager.c.o
LOAD _build/nrf52832_xxaa_pm_buffer.c.o
LOAD _build/nrf52832_xxaa_pm_mutex.c.o
LOAD _build/nrf52832_xxaa_security_dispatcher.c.o
LOAD _build/nrf52832_xxaa_security_manager.c.o
LOAD _build/nrf52832_xxaa_ravel_layer.c.o
LOAD _build/nrf52832_xxaa_main.c.o
LOAD _build/nrf52832_xxaa_api_ble.c.o
LOAD _build/nrf52832_xxaa_ringbuf.c.o
LOAD _build/nrf52832_xxaa_randomizer_ctr.c.o
LOAD _build/nrf52832_xxaa_models.c.o
LOAD _build/nrf52832_xxaa_app_timer.c.o
LOAD _build/nrf52832_xxaa_api_timer.c.o
LOAD /Users/lauril/workspace/12-sdk/gcc_arm/gcc-arm-none-eabi-5_2-2015q4/bin/../lib/gcc/arm-none-eabi/5.2.1/../../../../arm-none-eabi/lib/armv7e-m/fpu/libm.a
START GROUP
LOAD /Users/lauril/workspace/12-sdk/gcc_arm/gcc-arm-none-eabi-5_2-2015q4/bin/../lib/gcc/arm-none-eabi/5.2.1/armv7e-m/fpu/libgcc.a
LOAD /Users/lauril/workspace/12-sdk/gcc_arm/gcc-arm-none-eabi-5_2-2015q4/bin/../lib/gcc/arm-none-eabi/5.2.1/../../../../arm-none-eabi/lib/armv7e-m/fpu/libc_nano.a
END GROUP
START GROUP
LOAD /Users/lauril/workspace/12-sdk/gcc_arm/gcc-arm-none-eabi-5_2-2015q4/bin/../lib/gcc/arm-none-eabi/5.2.1/armv7e-m/fpu/libgcc.a
LOAD /Users/lauril/workspace/12-sdk/gcc_arm/gcc-arm-none-eabi-5_2-2015q4/bin/../lib/gcc/arm-none-eabi/5.2.1/../../../../arm-none-eabi/lib/armv7e-m/fpu/libc_nano.a
END GROUP
LOAD /Users/lauril/workspace/12-sdk/gcc_arm/gcc-arm-none-eabi-5_2-2015q4/bin/../lib/gcc/arm-none-eabi/5.2.1/armv7e-m/fpu/crtend.o
LOAD /Users/lauril/workspace/12-sdk/gcc_arm/gcc-arm-none-eabi-5_2-2015q4/bin/../lib/gcc/arm-none-eabi/5.2.1/armv7e-m/fpu/crtn.o
START GROUP
LOAD /Users/lauril/workspace/12-sdk/gcc_arm/gcc-arm-none-eabi-5_2-2015q4/bin/../lib/gcc/arm-none-eabi/5.2.1/armv7e-m/fpu/libgcc.a
LOAD /Users/lauril/workspace/12-sdk/gcc_arm/gcc-arm-none-eabi-5_2-2015q4/bin/../lib/gcc/arm-none-eabi/5.2.1/../../../../arm-none-eabi/lib/armv7e-m/fpu/libc.a
LOAD /Users/lauril/workspace/12-sdk/gcc_arm/gcc-arm-none-eabi-5_2-2015q4/bin/../lib/gcc/arm-none-eabi/5.2.1/../../../../arm-none-eabi/lib/armv7e-m/fpu/libnosys.a
END GROUP

.tm_clone_table
                0x00000000200021a8        0x0 load address 0x000000000002bc68
 .tm_clone_table
                0x00000000200021a8        0x0 /Users/lauril/workspace/12-sdk/gcc_arm/gcc-arm-none-eabi-5_2-2015q4/bin/../lib/gcc/arm-none-eabi/5.2.1/armv7e-m/fpu/crtbegin.o
 .tm_clone_table
                0x00000000200021a8        0x0 /Users/lauril/workspace/12-sdk/gcc_arm/gcc-arm-none-eabi-5_2-2015q4/bin/../lib/gcc/arm-none-eabi/5.2.1/armv7e-m/fpu/crtend.o

.igot.plt       0x00000000200021a8        0x0 load address 0x000000000002bc68
 .igot.plt      0x00000000200021a8        0x0 /Users/lauril/workspace/12-sdk/gcc_arm/gcc-arm-none-eabi-5_2-2015q4/bin/../lib/gcc/arm-none-eabi/5.2.1/armv7e-m/fpu/crtbegin.o

.fs_data        0x00000000200021a8       0x10 load address 0x000000000002bc68
                0x00000000200021a8                PROVIDE (__start_fs_data, .)
 *(.fs_data)
 .fs_data       0x00000000200021a8       0x10 _build/nrf52832_xxaa_fds.c.o
                0x00000000200021b8                PROVIDE (__stop_fs_data, .)

.bss            0x00000000200021b8     0x13d0 load address 0x000000000002bc78
                0x00000000200021b8                . = ALIGN (0x4)
                0x00000000200021b8                __bss_start__ = .
 *(.bss*)
 .bss           0x00000000200021b8       0x1c /Users/lauril/workspace/12-sdk/gcc_arm/gcc-arm-none-eabi-5_2-2015q4/bin/../lib/gcc/arm-none-eabi/5.2.1/armv7e-m/fpu/crtbegin.o
 .bss.m_rtt_buffer
                0x00000000200021d4      0x100 _build/nrf52832_xxaa_nrf_log_backend_serial.c.o
 .bss.m_blocking_mode
                0x00000000200022d4        0x1 _build/nrf52832_xxaa_nrf_log_backend_serial.c.o
 .bss.m_initialized
                0x00000000200022d5        0x1 _build/nrf52832_xxaa_nrf_log_backend_serial.c.o
 *fill*         0x00000000200022d6        0x2 
 .bss.m_log_data
                0x00000000200022d8      0x418 _build/nrf52832_xxaa_nrf_log_frontend.c.o
 .bss._acDownBuffer
                0x00000000200026f0       0x10 _build/nrf52832_xxaa_SEGGER_RTT.c.o
 .bss._acUpBuffer
                0x0000000020002700      0x400 _build/nrf52832_xxaa_SEGGER_RTT.c.o
 .bss.m_chunk_queue
                0x0000000020002b00       0x48 _build/nrf52832_xxaa_fds.c.o
 .bss.m_latest_rec_id
                0x0000000020002b48        0x4 _build/nrf52832_xxaa_fds.c.o
 .bss.m_users   0x0000000020002b4c        0x1 _build/nrf52832_xxaa_fds.c.o
 *fill*         0x0000000020002b4d        0x3 
 .bss.tok.6713  0x0000000020002b50        0x8 _build/nrf52832_xxaa_fds.c.o
 .bss.m_pages   0x0000000020002b58       0x20 _build/nrf52832_xxaa_fds.c.o
 .bss.m_gc      0x0000000020002b78       0x10 _build/nrf52832_xxaa_fds.c.o
 .bss.m_op_queue
                0x0000000020002b88       0x78 _build/nrf52832_xxaa_fds.c.o
 .bss.m_swap_page
                0x0000000020002c00        0x8 _build/nrf52832_xxaa_fds.c.o
 .bss.m_flags   0x0000000020002c08        0x1 _build/nrf52832_xxaa_fds.c.o
 *fill*         0x0000000020002c09        0x3 
 .bss.m_cb_table
                0x0000000020002c0c       0x20 _build/nrf52832_xxaa_fds.c.o
 .bss.desc.6807
                0x0000000020002c2c        0xc _build/nrf52832_xxaa_fds.c.o
 .bss.m_flags   0x0000000020002c38        0x1 _build/nrf52832_xxaa_fstorage.c.o
 *fill*         0x0000000020002c39        0x3 
 .bss.m_queue   0x0000000020002c3c       0x68 _build/nrf52832_xxaa_fstorage.c.o
 .bss.m_retry_count
                0x0000000020002ca4        0x1 _build/nrf52832_xxaa_fstorage.c.o
 *fill*         0x0000000020002ca5        0x3 
 .bss.m_clock_cb
                0x0000000020002ca8       0x14 _build/nrf52832_xxaa_nrf_drv_clock.c.o
 .bss.m_cb      0x0000000020002cbc       0x58 _build/nrf52832_xxaa_nrf_drv_gpiote.c.o
 .bss.m_detection_delay
                0x0000000020002d14        0x4 _build/nrf52832_xxaa_app_button.c.o
 .bss.mp_buttons
                0x0000000020002d18        0x4 _build/nrf52832_xxaa_app_button.c.o
 .bss.m_button_count
                0x0000000020002d1c        0x1 _build/nrf52832_xxaa_app_button.c.o
 *fill*         0x0000000020002d1d        0x3 
 .bss.m_detection_delay_timer_id_data
                0x0000000020002d20       0x20 _build/nrf52832_xxaa_app_button.c.o
 .bss.m_pin_state
                0x0000000020002d40        0x4 _build/nrf52832_xxaa_app_button.c.o
 .bss.m_pin_transition
                0x0000000020002d44        0x4 _build/nrf52832_xxaa_app_button.c.o
 .bss.m_leds_timer_id_data
                0x0000000020002d48       0x20 _build/nrf52832_xxaa_bsp.c.o
 .bss.m_alert_mask
                0x0000000020002d68        0x4 _build/nrf52832_xxaa_bsp.c.o
 .bss.m_app_ticks_per_100ms
                0x0000000020002d6c        0x4 _build/nrf52832_xxaa_bsp.c.o
 .bss.m_indication_type
                0x0000000020002d70        0x4 _build/nrf52832_xxaa_bsp.c.o
 .bss.current_long_push_pin_no.7119
                0x0000000020002d74        0x1 _build/nrf52832_xxaa_bsp.c.o
 *fill*         0x0000000020002d75        0x3 
 .bss.m_registered_callback
                0x0000000020002d78        0x4 _build/nrf52832_xxaa_bsp.c.o
 .bss.m_button_timer_id_data
                0x0000000020002d7c       0x20 _build/nrf52832_xxaa_bsp.c.o
 .bss.m_stable_state
                0x0000000020002d9c        0x1 _build/nrf52832_xxaa_bsp.c.o
 *fill*         0x0000000020002d9d        0x3 
 .bss.m_alert_timer_id_data
                0x0000000020002da0       0x20 _build/nrf52832_xxaa_bsp.c.o
 .bss.release_event_at_push.7120
                0x0000000020002dc0        0x4 _build/nrf52832_xxaa_bsp.c.o
 .bss.m_events_list
                0x0000000020002dc4        0xc _build/nrf52832_xxaa_bsp.c.o
 .bss.m_error_handler
                0x0000000020002dd0        0x4 _build/nrf52832_xxaa_bsp_btn_ble.c.o
 .bss.m_num_connections
                0x0000000020002dd4        0x4 _build/nrf52832_xxaa_bsp_btn_ble.c.o
 .bss.m_suspended
                0x0000000020002dd8        0x1 _build/nrf52832_xxaa_softdevice_handler.c.o
 .bss.m_softdevice_enabled
                0x0000000020002dd9        0x1 _build/nrf52832_xxaa_softdevice_handler.c.o
 .bss.m_ble_evt_buffer_size
                0x0000000020002dda        0x2 _build/nrf52832_xxaa_softdevice_handler.c.o
 .bss.mp_ble_evt_buffer
                0x0000000020002ddc        0x4 _build/nrf52832_xxaa_softdevice_handler.c.o
 .bss.m_sys_evt_handler
                0x0000000020002de0        0x4 _build/nrf52832_xxaa_softdevice_handler.c.o
 .bss.m_ble_evt_handler
                0x0000000020002de4        0x4 _build/nrf52832_xxaa_softdevice_handler.c.o
 .bss.m_evt_schedule_func
                0x0000000020002de8        0x4 _build/nrf52832_xxaa_softdevice_handler.c.o
 .bss.m_cb      0x0000000020002dec       0x20 _build/nrf52832_xxaa_nrf_drv_uart.c.o
 .bss.m_advdata
                0x0000000020002e0c       0x38 _build/nrf52832_xxaa_ble_advertising.c.o
 .bss.m_whitelist_in_use
                0x0000000020002e44        0x1 _build/nrf52832_xxaa_ble_advertising.c.o
 *fill*         0x0000000020002e45        0x3 
 .bss.m_manuf_specific_data
                0x0000000020002e48        0xc _build/nrf52832_xxaa_ble_advertising.c.o
 .bss.m_evt_handler
                0x0000000020002e54        0x4 _build/nrf52832_xxaa_ble_advertising.c.o
 .bss.m_advertising_start_pending
                0x0000000020002e58        0x1 _build/nrf52832_xxaa_ble_advertising.c.o
 *fill*         0x0000000020002e59        0x3 
 .bss.m_manuf_data_array
                0x0000000020002e5c       0x1f _build/nrf52832_xxaa_ble_advertising.c.o
 .bss.m_whitelist_temporarily_disabled
                0x0000000020002e7b        0x1 _build/nrf52832_xxaa_ble_advertising.c.o
 .bss.m_error_handler
                0x0000000020002e7c        0x4 _build/nrf52832_xxaa_ble_advertising.c.o
 .bss.m_peer_address
                0x0000000020002e80        0x7 _build/nrf52832_xxaa_ble_advertising.c.o
 *fill*         0x0000000020002e87        0x1 
 .bss.m_adv_modes_config
                0x0000000020002e88       0x20 _build/nrf52832_xxaa_ble_advertising.c.o
 .bss.m_slave_conn_int
                0x0000000020002ea8        0x4 _build/nrf52832_xxaa_ble_advertising.c.o
 .bss.m_service_data_array
                0x0000000020002eac       0x1f _build/nrf52832_xxaa_ble_advertising.c.o
 .bss.m_whitelist_reply_expected
                0x0000000020002ecb        0x1 _build/nrf52832_xxaa_ble_advertising.c.o
 .bss.m_current_slave_link_conn_handle
                0x0000000020002ecc        0x2 _build/nrf52832_xxaa_ble_advertising.c.o
 .bss.m_adv_mode_current
                0x0000000020002ece        0x1 _build/nrf52832_xxaa_ble_advertising.c.o
 .bss.m_peer_addr_reply_expected
                0x0000000020002ecf        0x1 _build/nrf52832_xxaa_ble_advertising.c.o
 .bss.m_initialized
                0x0000000020002ed0        0x1 _build/nrf52832_xxaa_ble_advertising.c.o
 *fill*         0x0000000020002ed1        0x3 
 .bss.m_service_data
                0x0000000020002ed4        0xc _build/nrf52832_xxaa_ble_advertising.c.o
 .bss.m_adv_evt
                0x0000000020002ee0        0x1 _build/nrf52832_xxaa_ble_advertising.c.o
 .bss.m_change_param
                0x0000000020002ee1        0x1 _build/nrf52832_xxaa_ble_conn_params.c.o
 *fill*         0x0000000020002ee2        0x2 
 .bss.m_current_conn_params
                0x0000000020002ee4        0x8 _build/nrf52832_xxaa_ble_conn_params.c.o
 .bss.m_update_count
                0x0000000020002eec        0x1 _build/nrf52832_xxaa_ble_conn_params.c.o
 *fill*         0x0000000020002eed        0x3 
 .bss.m_conn_params_config
                0x0000000020002ef0       0x1c _build/nrf52832_xxaa_ble_conn_params.c.o
 .bss.m_conn_params_timer_id_data
                0x0000000020002f0c       0x20 _build/nrf52832_xxaa_ble_conn_params.c.o
 .bss.m_conn_handle
                0x0000000020002f2c        0x2 _build/nrf52832_xxaa_ble_conn_params.c.o
 *fill*         0x0000000020002f2e        0x2 
 .bss.m_preferred_conn_params
                0x0000000020002f30        0x8 _build/nrf52832_xxaa_ble_conn_params.c.o
 .bss.m_bcs     0x0000000020002f38       0x34 _build/nrf52832_xxaa_ble_conn_state.c.o
 .bss.m_flag_service_changed_pending
                0x0000000020002f6c        0x1 _build/nrf52832_xxaa_gatt_cache_manager.c.o
 .bss.m_flag_service_changed_sent
                0x0000000020002f6d        0x1 _build/nrf52832_xxaa_gatt_cache_manager.c.o
 .bss.m_flag_local_db_update_pending
                0x0000000020002f6e        0x1 _build/nrf52832_xxaa_gatt_cache_manager.c.o
 .bss.m_flag_local_db_apply_pending
                0x0000000020002f6f        0x1 _build/nrf52832_xxaa_gatt_cache_manager.c.o
 .bss.m_current_sc_store_peer_id
                0x0000000020002f70        0x2 _build/nrf52832_xxaa_gatts_cache_manager.c.o
 .bss.start_handle.8666
                0x0000000020002f72        0x2 _build/nrf52832_xxaa_gatts_cache_manager.c.o
 .bss.m_connections
                0x0000000020002f74       0x60 _build/nrf52832_xxaa_id_manager.c.o
 .bss.m_conn_state_user_flag_id
                0x0000000020002fd4        0x1 _build/nrf52832_xxaa_id_manager.c.o
 *fill*         0x0000000020002fd5        0x3 
 .bss.m_fds_ftok
                0x0000000020002fd8        0x8 _build/nrf52832_xxaa_peer_data_storage.c.o
 .bss.m_peer_delete_queued
                0x0000000020002fe0        0x1 _build/nrf52832_xxaa_peer_data_storage.c.o
 .bss.m_peer_delete_ongoing
                0x0000000020002fe1        0x1 _build/nrf52832_xxaa_peer_data_storage.c.o
 *fill*         0x0000000020002fe2        0x2 
 .bss.m_write_buffer_records
                0x0000000020002fe4       0xa0 _build/nrf52832_xxaa_peer_database.c.o
 .bss.m_n_writes
                0x0000000020003084        0x4 _build/nrf52832_xxaa_peer_database.c.o
 .bss.m_write_buffer
                0x0000000020003088       0x10 _build/nrf52832_xxaa_peer_database.c.o
 .bss.mutex_memory.8689
                0x0000000020003098        0x1 _build/nrf52832_xxaa_peer_database.c.o
 *fill*         0x0000000020003099        0x3 
 .bss.buffer_memory.8688
                0x000000002000309c      0x280 _build/nrf52832_xxaa_peer_database.c.o
 .bss.m_pi      0x000000002000331c       0x40 _build/nrf52832_xxaa_peer_id.c.o
 .bss.m_pairing_flag_id
                0x000000002000335c        0x1 _build/nrf52832_xxaa_peer_manager.c.o
 *fill*         0x000000002000335d        0x3 
 .bss.m_current_highest_peer_rank
                0x0000000020003360        0x4 _build/nrf52832_xxaa_peer_manager.c.o
 .bss.m_module_initialized
                0x0000000020003364        0x1 _build/nrf52832_xxaa_peer_manager.c.o
 *fill*         0x0000000020003365        0x3 
 .bss.m_evt_handlers
                0x0000000020003368        0xc _build/nrf52832_xxaa_peer_manager.c.o
 .bss.m_peer_rank_initialized
                0x0000000020003374        0x1 _build/nrf52832_xxaa_peer_manager.c.o
 .bss.m_deleting_all
                0x0000000020003375        0x1 _build/nrf52832_xxaa_peer_manager.c.o
 .bss.m_n_registrants
                0x0000000020003376        0x1 _build/nrf52832_xxaa_peer_manager.c.o
 *fill*         0x0000000020003377        0x1 
 .bss.m_peer_rank_token
                0x0000000020003378        0x4 _build/nrf52832_xxaa_peer_manager.c.o
 .bss.m_bonding_flag_id
                0x000000002000337c        0x1 _build/nrf52832_xxaa_peer_manager.c.o
 *fill*         0x000000002000337d        0x1 
 .bss.m_highest_ranked_peer
                0x000000002000337e        0x2 _build/nrf52832_xxaa_peer_manager.c.o
 .bss.m_peer_pk
                0x0000000020003380       0x40 _build/nrf52832_xxaa_security_dispatcher.c.o
 .bss.m_p_public_key
                0x00000000200033c0        0x4 _build/nrf52832_xxaa_security_manager.c.o
 .bss.m_sec_params
                0x00000000200033c4        0x5 _build/nrf52832_xxaa_security_manager.c.o
 .bss.m_sec_params_valid
                0x00000000200033c9        0x1 _build/nrf52832_xxaa_security_manager.c.o
 .bss.random_model__channel_connected
                0x00000000200033ca        0x1 _build/nrf52832_xxaa_ravel_layer.c.o
                0x00000000200033ca                random_model__channel_connected
 *fill*         0x00000000200033cb        0x1 
 .bss.BLE_EVT_BUFFER.10005
                0x00000000200033cc       0x50 _build/nrf52832_xxaa_api_ble.c.o
 .bss.m_ticks_latest
                0x000000002000341c        0x4 _build/nrf52832_xxaa_app_timer.c.o
 .bss.mp_timer_id_head
                0x0000000020003420        0x4 _build/nrf52832_xxaa_app_timer.c.o
 .bss.m_evt_schedule_func
                0x0000000020003424        0x4 _build/nrf52832_xxaa_app_timer.c.o
 .bss.m_ticks_elapsed_q_read_ind
                0x0000000020003428        0x1 _build/nrf52832_xxaa_app_timer.c.o
 .bss.m_ticks_elapsed_q_write_ind
                0x0000000020003429        0x1 _build/nrf52832_xxaa_app_timer.c.o
 .bss.m_rtc1_reset
                0x000000002000342a        0x1 _build/nrf52832_xxaa_app_timer.c.o
 *fill*         0x000000002000342b        0x1 
 .bss.m_op_queue
                0x000000002000342c        0x8 _build/nrf52832_xxaa_app_timer.c.o
 .bss.m_ticks_elapsed
                0x0000000020003434        0x8 _build/nrf52832_xxaa_app_timer.c.o
 .bss.m_rtc1_running
                0x000000002000343c        0x1 _build/nrf52832_xxaa_app_timer.c.o
 *fill*         0x000000002000343d        0x3 
 .bss.m_randomizer_ctr__timer__timer_periodic_data
                0x0000000020003440       0x20 _build/nrf52832_xxaa_api_timer.c.o
 .bss.APP_TIMER_BUF.9962
                0x0000000020003460       0x78 _build/nrf52832_xxaa_api_timer.c.o
 .bss.__malloc_sbrk_start
                0x00000000200034d8        0x4 /Users/lauril/workspace/12-sdk/gcc_arm/gcc-arm-none-eabi-5_2-2015q4/bin/../lib/gcc/arm-none-eabi/5.2.1/../../../../arm-none-eabi/lib/armv7e-m/fpu/libc_nano.a(lib_a-nano-mallocr.o)
                0x00000000200034d8                __malloc_sbrk_start
 .bss.__malloc_free_list
                0x00000000200034dc        0x4 /Users/lauril/workspace/12-sdk/gcc_arm/gcc-arm-none-eabi-5_2-2015q4/bin/../lib/gcc/arm-none-eabi/5.2.1/../../../../arm-none-eabi/lib/armv7e-m/fpu/libc_nano.a(lib_a-nano-mallocr.o)
                0x00000000200034dc                __malloc_free_list
 .bss.heap_end.4169
                0x00000000200034e0        0x4 /Users/lauril/workspace/12-sdk/gcc_arm/gcc-arm-none-eabi-5_2-2015q4/bin/../lib/gcc/arm-none-eabi/5.2.1/../../../../arm-none-eabi/lib/armv7e-m/fpu/libnosys.a(sbrk.o)
 *(COMMON)
 COMMON         0x00000000200034e4       0x78 _build/nrf52832_xxaa_SEGGER_RTT.c.o
                0x00000000200034e4                _SEGGER_RTT
 COMMON         0x000000002000355c        0xc _build/nrf52832_xxaa_app_util_platform.c.o
                0x000000002000355c                nrf_nvic_state
 COMMON         0x0000000020003568       0x1a _build/nrf52832_xxaa_ravel_layer.c.o
                0x0000000020003568                m_ravel_evt_handler
                0x000000002000356c                m_ravel_service
 *fill*         0x0000000020003582        0x2 
 COMMON         0x0000000020003584        0x4 /Users/lauril/workspace/12-sdk/gcc_arm/gcc-arm-none-eabi-5_2-2015q4/bin/../lib/gcc/arm-none-eabi/5.2.1/../../../../arm-none-eabi/lib/armv7e-m/fpu/libc_nano.a(lib_a-reent.o)
                0x0000000020003584                errno
                0x0000000020003588                . = ALIGN (0x4)
                0x0000000020003588                __bss_end__ = .

.heap           0x0000000020003588        0x0
                0x0000000020003588                __HeapBase = .
                0x0000000020003588                __end__ = .
                0x0000000020003588                PROVIDE (end, .)
 *(.heap*)
 .heap          0x0000000020003588        0x0 _build/nrf52832_xxaa_gcc_startup_nrf52.S.o
                0x0000000020003588                __HeapLimit = .

.stack_dummy    0x0000000020003588     0x2000
 *(.stack*)
 .stack         0x0000000020003588     0x2000 _build/nrf52832_xxaa_gcc_startup_nrf52.S.o
                0x0000000020010000                __StackTop = (ORIGIN (RAM) + LENGTH (RAM))
                0x000000002000e000                __StackLimit = (__StackTop - SIZEOF (.stack_dummy))
                0x0000000020010000                PROVIDE (__stack, __StackTop)
                0x0000000000000001                ASSERT ((__StackLimit >= __HeapLimit), region RAM overflowed with stack)
OUTPUT(_build/nrf52832_xxaa.out elf32-littlearm)

.ARM.attributes
                0x0000000000000000       0x30
 .ARM.attributes
                0x0000000000000000       0x22 /Users/lauril/workspace/12-sdk/gcc_arm/gcc-arm-none-eabi-5_2-2015q4/bin/../lib/gcc/arm-none-eabi/5.2.1/armv7e-m/fpu/crti.o
 .ARM.attributes
                0x0000000000000022       0x34 /Users/lauril/workspace/12-sdk/gcc_arm/gcc-arm-none-eabi-5_2-2015q4/bin/../lib/gcc/arm-none-eabi/5.2.1/armv7e-m/fpu/crtbegin.o
 .ARM.attributes
                0x0000000000000056       0x20 /Users/lauril/workspace/12-sdk/gcc_arm/gcc-arm-none-eabi-5_2-2015q4/bin/../lib/gcc/arm-none-eabi/5.2.1/../../../../arm-none-eabi/lib/armv7e-m/fpu/crt0.o
 .ARM.attributes
                0x0000000000000076       0x34 /Users/lauril/workspace/12-sdk/gcc_arm/gcc-arm-none-eabi-5_2-2015q4/bin/../lib/gcc/arm-none-eabi/5.2.1/../../../../arm-none-eabi/lib/armv7e-m/fpu/libc_nano.a(lib_a-exit.o)
 .ARM.attributes
                0x00000000000000aa       0x34 /Users/lauril/workspace/12-sdk/gcc_arm/gcc-arm-none-eabi-5_2-2015q4/bin/../lib/gcc/arm-none-eabi/5.2.1/../../../../arm-none-eabi/lib/armv7e-m/fpu/libc_nano.a(lib_a-impure.o)
 .ARM.attributes
                0x00000000000000de       0x34 /Users/lauril/workspace/12-sdk/gcc_arm/gcc-arm-none-eabi-5_2-2015q4/bin/../lib/gcc/arm-none-eabi/5.2.1/../../../../arm-none-eabi/lib/armv7e-m/fpu/libc_nano.a(lib_a-init.o)
 .ARM.attributes
                0x0000000000000112       0x34 /Users/lauril/workspace/12-sdk/gcc_arm/gcc-arm-none-eabi-5_2-2015q4/bin/../lib/gcc/arm-none-eabi/5.2.1/../../../../arm-none-eabi/lib/armv7e-m/fpu/libc_nano.a(lib_a-memset.o)
 .ARM.attributes
                0x0000000000000146       0x34 /Users/lauril/workspace/12-sdk/gcc_arm/gcc-arm-none-eabi-5_2-2015q4/bin/../lib/gcc/arm-none-eabi/5.2.1/../../../../arm-none-eabi/lib/armv7e-m/fpu/libnosys.a(_exit.o)
 .ARM.attributes
                0x000000000000017a       0x39 _build/nrf52832_xxaa_nrf_log_backend_serial.c.o
 .ARM.attributes
                0x00000000000001b3       0x39 _build/nrf52832_xxaa_nrf_log_frontend.c.o
 .ARM.attributes
                0x00000000000001ec       0x39 _build/nrf52832_xxaa_SEGGER_RTT.c.o
 .ARM.attributes
                0x0000000000000225       0x39 _build/nrf52832_xxaa_app_error.c.o
 .ARM.attributes
                0x000000000000025e       0x39 _build/nrf52832_xxaa_app_error_weak.c.o
 .ARM.attributes
                0x0000000000000297       0x39 _build/nrf52832_xxaa_app_util_platform.c.o
 .ARM.attributes
                0x00000000000002d0       0x39 _build/nrf52832_xxaa_fds.c.o
 .ARM.attributes
                0x0000000000000309       0x39 _build/nrf52832_xxaa_fstorage.c.o
 .ARM.attributes
                0x0000000000000342       0x39 _build/nrf52832_xxaa_sdk_mapped_flags.c.o
 .ARM.attributes
                0x000000000000037b       0x39 _build/nrf52832_xxaa_nrf_drv_clock.c.o
 .ARM.attributes
                0x00000000000003b4       0x39 _build/nrf52832_xxaa_nrf_drv_common.c.o
 .ARM.attributes
                0x00000000000003ed       0x39 _build/nrf52832_xxaa_nrf_drv_gpiote.c.o
 .ARM.attributes
                0x0000000000000426       0x39 _build/nrf52832_xxaa_app_button.c.o
 .ARM.attributes
                0x000000000000045f       0x39 _build/nrf52832_xxaa_bsp.c.o
 .ARM.attributes
                0x0000000000000498       0x39 _build/nrf52832_xxaa_bsp_btn_ble.c.o
 .ARM.attributes
                0x00000000000004d1       0x1c _build/nrf52832_xxaa_gcc_startup_nrf52.S.o
 .ARM.attributes
                0x00000000000004ed       0x39 _build/nrf52832_xxaa_system_nrf52.c.o
 .ARM.attributes
                0x0000000000000526       0x39 _build/nrf52832_xxaa_softdevice_handler.c.o
 .ARM.attributes
                0x000000000000055f       0x39 _build/nrf52832_xxaa_nrf_drv_uart.c.o
 .ARM.attributes
                0x0000000000000598       0x39 _build/nrf52832_xxaa_ble_advdata.c.o
 .ARM.attributes
                0x00000000000005d1       0x39 _build/nrf52832_xxaa_ble_advertising.c.o
 .ARM.attributes
                0x000000000000060a       0x39 _build/nrf52832_xxaa_ble_conn_params.c.o
 .ARM.attributes
                0x0000000000000643       0x39 _build/nrf52832_xxaa_ble_conn_state.c.o
 .ARM.attributes
                0x000000000000067c       0x39 _build/nrf52832_xxaa_ble_srv_common.c.o
 .ARM.attributes
                0x00000000000006b5       0x39 _build/nrf52832_xxaa_gatt_cache_manager.c.o
 .ARM.attributes
                0x00000000000006ee       0x39 _build/nrf52832_xxaa_gatts_cache_manager.c.o
 .ARM.attributes
                0x0000000000000727       0x39 _build/nrf52832_xxaa_id_manager.c.o
 .ARM.attributes
                0x0000000000000760       0x39 _build/nrf52832_xxaa_peer_data_storage.c.o
 .ARM.attributes
                0x0000000000000799       0x39 _build/nrf52832_xxaa_peer_database.c.o
 .ARM.attributes
                0x00000000000007d2       0x39 _build/nrf52832_xxaa_peer_id.c.o
 .ARM.attributes
                0x000000000000080b       0x39 _build/nrf52832_xxaa_peer_manager.c.o
 .ARM.attributes
                0x0000000000000844       0x39 _build/nrf52832_xxaa_pm_buffer.c.o
 .ARM.attributes
                0x000000000000087d       0x39 _build/nrf52832_xxaa_pm_mutex.c.o
 .ARM.attributes
                0x00000000000008b6       0x39 _build/nrf52832_xxaa_security_dispatcher.c.o
 .ARM.attributes
                0x00000000000008ef       0x39 _build/nrf52832_xxaa_security_manager.c.o
 .ARM.attributes